
[    0.000000] Linux version 5.13.0-27-generic (buildd@lcy02-amd64-014) (gcc (Ubuntu 11.2.0-7ubuntu2) 11.2.0, GNU ld (GNU Binutils for Ubuntu) 2.37) #29-Ubuntu SMP Wed Jan 12 17:36:47 UTC 2022 (Ubuntu 5.13.0-27.29-generic 5.13.19)``
[    0.000000] Command line: BOOT_IMAGE=/boot/vmlinuz-5.13.0-27-generic root=UUID=4120dc8f-fb10-40b3-9f48-2a9133d6ce16 ro quiet splash
[    0.000000] KERNEL supported cpus:
[    0.000000]   Intel GenuineIntel
[    0.000000]   AMD AuthenticAMD
[    0.000000]   Hygon HygonGenuine
[    0.000000]   Centaur CentaurHauls
[    0.000000]   zhaoxin   Shanghai  
[    0.000000] Disabled fast string operations
[    0.000000] x86/fpu: Supporting XSAVE feature 0x001: 'x87 floating point registers'
[    0.000000] x86/fpu: Supporting XSAVE feature 0x002: 'SSE registers'
[    0.000000] x86/fpu: Supporting XSAVE feature 0x004: 'AVX registers'
[    0.000000] x86/fpu: xstate_offset[2]:  576, xstate_sizes[2]:  256
[    0.000000] x86/fpu: Enabled xstate features 0x7, context size is 832 bytes, using 'compacted' format.
[    0.000000] BIOS-provided physical RAM map:
[    0.000000] BIOS-e820: [mem 0x0000000000000000-0x000000000009e7ff] usable
[    0.000000] BIOS-e820: [mem 0x000000000009e800-0x000000000009ffff] reserved
[    0.000000] BIOS-e820: [mem 0x00000000000dc000-0x00000000000fffff] reserved
[    0.000000] BIOS-e820: [mem 0x0000000000100000-0x00000000bfecffff] usable
[    0.000000] BIOS-e820: [mem 0x00000000bfed0000-0x00000000bfefefff] ACPI data
[    0.000000] BIOS-e820: [mem 0x00000000bfeff000-0x00000000bfefffff] ACPI NVS
[    0.000000] BIOS-e820: [mem 0x00000000bff00000-0x00000000bfffffff] usable
[    0.000000] BIOS-e820: [mem 0x00000000f0000000-0x00000000f7ffffff] reserved
[    0.000000] BIOS-e820: [mem 0x00000000fec00000-0x00000000fec0ffff] reserved
[    0.000000] BIOS-e820: [mem 0x00000000fee00000-0x00000000fee00fff] reserved
[    0.000000] BIOS-e820: [mem 0x00000000fffe0000-0x00000000ffffffff] reserved
[    0.000000] BIOS-e820: [mem 0x0000000100000000-0x000000043fffffff] usable
[    0.000000] NX (Execute Disable) protection: active
[    0.000000] SMBIOS 2.7 present.
[    0.000000] DMI: VMware, Inc. VMware Virtual Platform/440BX Desktop Reference Platform, BIOS 6.00 11/12/2020
[    0.000000] vmware: hypercall mode: 0x02
[    0.000000] Hypervisor detected: VMware
[    0.000000] vmware: TSC freq read from hypervisor : 2208.000 MHz
[    0.000000] vmware: Host bus clock speed read from hypervisor : 66000000 Hz
[    0.000000] vmware: using clock offset of 4278159191 ns
[    0.000014] tsc: Detected 2208.000 MHz processor
[    0.000971] e820: update [mem 0x00000000-0x00000fff] usable ==> reserved
[    0.000974] e820: remove [mem 0x000a0000-0x000fffff] usable
[    0.000977] last_pfn = 0x440000 max_arch_pfn = 0x400000000
[    0.000997] x86/PAT: Configuration [0-7]: WB  WC  UC- UC  WB  WP  UC- WT  
[    0.001007] total RAM covered: 523264M
[    0.001059]  gran_size: 64K 	chunk_size: 64K 	num_reg: 8  	lose cover RAM: 256G
[    0.001061]  gran_size: 64K 	chunk_size: 128K 	num_reg: 8  	lose cover RAM: 256G
[    0.001062]  gran_size: 64K 	chunk_size: 256K 	num_reg: 8  	lose cover RAM: 256G
[    0.001063]  gran_size: 64K 	chunk_size: 512K 	num_reg: 8  	lose cover RAM: 256G
[    0.001064]  gran_size: 64K 	chunk_size: 1M 	num_reg: 8  	lose cover RAM: 256G
[    0.001065]  gran_size: 64K 	chunk_size: 2M 	num_reg: 8  	lose cover RAM: 256G
[    0.001066]  gran_size: 64K 	chunk_size: 4M 	num_reg: 8  	lose cover RAM: 256G
[    0.001067]  gran_size: 64K 	chunk_size: 8M 	num_reg: 8  	lose cover RAM: 256G
[    0.001068]  gran_size: 64K 	chunk_size: 16M 	num_reg: 8  	lose cover RAM: 256G
[    0.001069]  gran_size: 64K 	chunk_size: 32M 	num_reg: 8  	lose cover RAM: 256G
[    0.001070]  gran_size: 64K 	chunk_size: 64M 	num_reg: 8  	lose cover RAM: 256G
[    0.001070]  gran_size: 64K 	chunk_size: 128M 	num_reg: 8  	lose cover RAM: 256G
[    0.001071]  gran_size: 64K 	chunk_size: 256M 	num_reg: 8  	lose cover RAM: 256G
[    0.001072]  gran_size: 64K 	chunk_size: 512M 	num_reg: 8  	lose cover RAM: 256G
[    0.001073]  gran_size: 64K 	chunk_size: 1G 	num_reg: 8  	lose cover RAM: 256G
[    0.001074]  gran_size: 64K 	chunk_size: 2G 	num_reg: 8  	lose cover RAM: 256G
[    0.001075]  gran_size: 128K 	chunk_size: 128K 	num_reg: 8  	lose cover RAM: 256G
[    0.001076]  gran_size: 128K 	chunk_size: 256K 	num_reg: 8  	lose cover RAM: 256G
[    0.001077]  gran_size: 128K 	chunk_size: 512K 	num_reg: 8  	lose cover RAM: 256G
[    0.001078]  gran_size: 128K 	chunk_size: 1M 	num_reg: 8  	lose cover RAM: 256G
[    0.001079]  gran_size: 128K 	chunk_size: 2M 	num_reg: 8  	lose cover RAM: 256G
[    0.001079]  gran_size: 128K 	chunk_size: 4M 	num_reg: 8  	lose cover RAM: 256G
[    0.001080]  gran_size: 128K 	chunk_size: 8M 	num_reg: 8  	lose cover RAM: 256G
[    0.001081]  gran_size: 128K 	chunk_size: 16M 	num_reg: 8  	lose cover RAM: 256G
[    0.001082]  gran_size: 128K 	chunk_size: 32M 	num_reg: 8  	lose cover RAM: 256G
[    0.001083]  gran_size: 128K 	chunk_size: 64M 	num_reg: 8  	lose cover RAM: 256G
[    0.001084]  gran_size: 128K 	chunk_size: 128M 	num_reg: 8  	lose cover RAM: 256G
[    0.001085]  gran_size: 128K 	chunk_size: 256M 	num_reg: 8  	lose cover RAM: 256G
[    0.001086]  gran_size: 128K 	chunk_size: 512M 	num_reg: 8  	lose cover RAM: 256G
[    0.001086]  gran_size: 128K 	chunk_size: 1G 	num_reg: 8  	lose cover RAM: 256G
[    0.001087]  gran_size: 128K 	chunk_size: 2G 	num_reg: 8  	lose cover RAM: 256G
[    0.001088]  gran_size: 256K 	chunk_size: 256K 	num_reg: 8  	lose cover RAM: 256G
[    0.001089]  gran_size: 256K 	chunk_size: 512K 	num_reg: 8  	lose cover RAM: 256G
[    0.001090]  gran_size: 256K 	chunk_size: 1M 	num_reg: 8  	lose cover RAM: 256G
[    0.001091]  gran_size: 256K 	chunk_size: 2M 	num_reg: 8  	lose cover RAM: 256G
[    0.001092]  gran_size: 256K 	chunk_size: 4M 	num_reg: 8  	lose cover RAM: 256G
[    0.001093]  gran_size: 256K 	chunk_size: 8M 	num_reg: 8  	lose cover RAM: 256G
[    0.001093]  gran_size: 256K 	chunk_size: 16M 	num_reg: 8  	lose cover RAM: 256G
[    0.001094]  gran_size: 256K 	chunk_size: 32M 	num_reg: 8  	lose cover RAM: 256G
[    0.001095]  gran_size: 256K 	chunk_size: 64M 	num_reg: 8  	lose cover RAM: 256G
[    0.001096]  gran_size: 256K 	chunk_size: 128M 	num_reg: 8  	lose cover RAM: 256G
[    0.001097]  gran_size: 256K 	chunk_size: 256M 	num_reg: 8  	lose cover RAM: 256G
[    0.001098]  gran_size: 256K 	chunk_size: 512M 	num_reg: 8  	lose cover RAM: 256G
[    0.001099]  gran_size: 256K 	chunk_size: 1G 	num_reg: 8  	lose cover RAM: 256G
[    0.001100]  gran_size: 256K 	chunk_size: 2G 	num_reg: 8  	lose cover RAM: 256G
[    0.001101]  gran_size: 512K 	chunk_size: 512K 	num_reg: 8  	lose cover RAM: 256G
[    0.001101]  gran_size: 512K 	chunk_size: 1M 	num_reg: 8  	lose cover RAM: 256G
[    0.001102]  gran_size: 512K 	chunk_size: 2M 	num_reg: 8  	lose cover RAM: 256G
[    0.001103]  gran_size: 512K 	chunk_size: 4M 	num_reg: 8  	lose cover RAM: 256G
[    0.001104]  gran_size: 512K 	chunk_size: 8M 	num_reg: 8  	lose cover RAM: 256G
[    0.001105]  gran_size: 512K 	chunk_size: 16M 	num_reg: 8  	lose cover RAM: 256G
[    0.001106]  gran_size: 512K 	chunk_size: 32M 	num_reg: 8  	lose cover RAM: 256G
[    0.001107]  gran_size: 512K 	chunk_size: 64M 	num_reg: 8  	lose cover RAM: 256G
[    0.001108]  gran_size: 512K 	chunk_size: 128M 	num_reg: 8  	lose cover RAM: 256G
[    0.001108]  gran_size: 512K 	chunk_size: 256M 	num_reg: 8  	lose cover RAM: 256G
[    0.001109]  gran_size: 512K 	chunk_size: 512M 	num_reg: 8  	lose cover RAM: 256G
[    0.001110]  gran_size: 512K 	chunk_size: 1G 	num_reg: 8  	lose cover RAM: 256G
[    0.001111]  gran_size: 512K 	chunk_size: 2G 	num_reg: 8  	lose cover RAM: 256G
[    0.001112]  gran_size: 1M 	chunk_size: 1M 	num_reg: 8  	lose cover RAM: 256G
[    0.001113]  gran_size: 1M 	chunk_size: 2M 	num_reg: 8  	lose cover RAM: 256G
[    0.001114]  gran_size: 1M 	chunk_size: 4M 	num_reg: 8  	lose cover RAM: 256G
[    0.001115]  gran_size: 1M 	chunk_size: 8M 	num_reg: 8  	lose cover RAM: 256G
[    0.001116]  gran_size: 1M 	chunk_size: 16M 	num_reg: 8  	lose cover RAM: 256G
[    0.001116]  gran_size: 1M 	chunk_size: 32M 	num_reg: 8  	lose cover RAM: 256G
[    0.001117]  gran_size: 1M 	chunk_size: 64M 	num_reg: 8  	lose cover RAM: 256G
[    0.001118]  gran_size: 1M 	chunk_size: 128M 	num_reg: 8  	lose cover RAM: 256G
[    0.001119]  gran_size: 1M 	chunk_size: 256M 	num_reg: 8  	lose cover RAM: 256G
[    0.001120]  gran_size: 1M 	chunk_size: 512M 	num_reg: 8  	lose cover RAM: 256G
[    0.001121]  gran_size: 1M 	chunk_size: 1G 	num_reg: 8  	lose cover RAM: 256G
[    0.001122]  gran_size: 1M 	chunk_size: 2G 	num_reg: 8  	lose cover RAM: 256G
[    0.001123]  gran_size: 2M 	chunk_size: 2M 	num_reg: 8  	lose cover RAM: 256G
[    0.001123]  gran_size: 2M 	chunk_size: 4M 	num_reg: 8  	lose cover RAM: 256G
[    0.001124]  gran_size: 2M 	chunk_size: 8M 	num_reg: 8  	lose cover RAM: 256G
[    0.001125]  gran_size: 2M 	chunk_size: 16M 	num_reg: 8  	lose cover RAM: 256G
[    0.001126]  gran_size: 2M 	chunk_size: 32M 	num_reg: 8  	lose cover RAM: 256G
[    0.001127]  gran_size: 2M 	chunk_size: 64M 	num_reg: 8  	lose cover RAM: 256G
[    0.001128]  gran_size: 2M 	chunk_size: 128M 	num_reg: 8  	lose cover RAM: 256G
[    0.001129]  gran_size: 2M 	chunk_size: 256M 	num_reg: 8  	lose cover RAM: 256G
[    0.001130]  gran_size: 2M 	chunk_size: 512M 	num_reg: 8  	lose cover RAM: 256G
[    0.001130]  gran_size: 2M 	chunk_size: 1G 	num_reg: 8  	lose cover RAM: 256G
[    0.001131]  gran_size: 2M 	chunk_size: 2G 	num_reg: 8  	lose cover RAM: 256G
[    0.001132]  gran_size: 4M 	chunk_size: 4M 	num_reg: 8  	lose cover RAM: 256G
[    0.001133]  gran_size: 4M 	chunk_size: 8M 	num_reg: 8  	lose cover RAM: 256G
[    0.001134]  gran_size: 4M 	chunk_size: 16M 	num_reg: 8  	lose cover RAM: 256G
[    0.001135]  gran_size: 4M 	chunk_size: 32M 	num_reg: 8  	lose cover RAM: 256G
[    0.001136]  gran_size: 4M 	chunk_size: 64M 	num_reg: 8  	lose cover RAM: 256G
[    0.001136]  gran_size: 4M 	chunk_size: 128M 	num_reg: 8  	lose cover RAM: 256G
[    0.001137]  gran_size: 4M 	chunk_size: 256M 	num_reg: 8  	lose cover RAM: 256G
[    0.001138]  gran_size: 4M 	chunk_size: 512M 	num_reg: 8  	lose cover RAM: 256G
[    0.001139]  gran_size: 4M 	chunk_size: 1G 	num_reg: 8  	lose cover RAM: 256G
[    0.001140]  gran_size: 4M 	chunk_size: 2G 	num_reg: 8  	lose cover RAM: 256G
[    0.001141]  gran_size: 8M 	chunk_size: 8M 	num_reg: 8  	lose cover RAM: 256G
[    0.001142]  gran_size: 8M 	chunk_size: 16M 	num_reg: 8  	lose cover RAM: 256G
[    0.001143]  gran_size: 8M 	chunk_size: 32M 	num_reg: 8  	lose cover RAM: 256G
[    0.001144]  gran_size: 8M 	chunk_size: 64M 	num_reg: 8  	lose cover RAM: 256G
[    0.001144]  gran_size: 8M 	chunk_size: 128M 	num_reg: 8  	lose cover RAM: 256G
[    0.001145]  gran_size: 8M 	chunk_size: 256M 	num_reg: 8  	lose cover RAM: 256G
[    0.001146]  gran_size: 8M 	chunk_size: 512M 	num_reg: 8  	lose cover RAM: 256G
[    0.001147]  gran_size: 8M 	chunk_size: 1G 	num_reg: 8  	lose cover RAM: 256G
[    0.001148]  gran_size: 8M 	chunk_size: 2G 	num_reg: 8  	lose cover RAM: 256G
[    0.001149]  gran_size: 16M 	chunk_size: 16M 	num_reg: 8  	lose cover RAM: 256G
[    0.001150]  gran_size: 16M 	chunk_size: 32M 	num_reg: 8  	lose cover RAM: 256G
[    0.001151]  gran_size: 16M 	chunk_size: 64M 	num_reg: 8  	lose cover RAM: 256G
[    0.001151]  gran_size: 16M 	chunk_size: 128M 	num_reg: 8  	lose cover RAM: 256G
[    0.001152]  gran_size: 16M 	chunk_size: 256M 	num_reg: 8  	lose cover RAM: 256G
[    0.001153]  gran_size: 16M 	chunk_size: 512M 	num_reg: 8  	lose cover RAM: 256G
[    0.001154]  gran_size: 16M 	chunk_size: 1G 	num_reg: 8  	lose cover RAM: 256G
[    0.001155]  gran_size: 16M 	chunk_size: 2G 	num_reg: 8  	lose cover RAM: 256G
[    0.001156]  gran_size: 32M 	chunk_size: 32M 	num_reg: 8  	lose cover RAM: 256G
[    0.001157]  gran_size: 32M 	chunk_size: 64M 	num_reg: 8  	lose cover RAM: 256G
[    0.001158]  gran_size: 32M 	chunk_size: 128M 	num_reg: 8  	lose cover RAM: 256G
[    0.001158]  gran_size: 32M 	chunk_size: 256M 	num_reg: 8  	lose cover RAM: 256G
[    0.001159]  gran_size: 32M 	chunk_size: 512M 	num_reg: 8  	lose cover RAM: 256G
[    0.001160]  gran_size: 32M 	chunk_size: 1G 	num_reg: 8  	lose cover RAM: 256G
[    0.001161]  gran_size: 32M 	chunk_size: 2G 	num_reg: 8  	lose cover RAM: 256G
[    0.001162]  gran_size: 64M 	chunk_size: 64M 	num_reg: 8  	lose cover RAM: 256G
[    0.001163]  gran_size: 64M 	chunk_size: 128M 	num_reg: 8  	lose cover RAM: 256G
[    0.001164]  gran_size: 64M 	chunk_size: 256M 	num_reg: 8  	lose cover RAM: 256G
[    0.001165]  gran_size: 64M 	chunk_size: 512M 	num_reg: 8  	lose cover RAM: 256G
[    0.001165]  gran_size: 64M 	chunk_size: 1G 	num_reg: 8  	lose cover RAM: 256G
[    0.001166]  gran_size: 64M 	chunk_size: 2G 	num_reg: 8  	lose cover RAM: 256G
[    0.001167]  gran_size: 128M 	chunk_size: 128M 	num_reg: 8  	lose cover RAM: 256G
[    0.001168]  gran_size: 128M 	chunk_size: 256M 	num_reg: 8  	lose cover RAM: 256G
[    0.001169]  gran_size: 128M 	chunk_size: 512M 	num_reg: 8  	lose cover RAM: 256G
[    0.001170]  gran_size: 128M 	chunk_size: 1G 	num_reg: 8  	lose cover RAM: 256G
[    0.001171]  gran_size: 128M 	chunk_size: 2G 	num_reg: 8  	lose cover RAM: 256G
[    0.001172]  gran_size: 256M 	chunk_size: 256M 	num_reg: 8  	lose cover RAM: 256G
[    0.001173]  gran_size: 256M 	chunk_size: 512M 	num_reg: 8  	lose cover RAM: 256G
[    0.001173]  gran_size: 256M 	chunk_size: 1G 	num_reg: 8  	lose cover RAM: 256G
[    0.001174]  gran_size: 256M 	chunk_size: 2G 	num_reg: 8  	lose cover RAM: 256G
[    0.001175]  gran_size: 512M 	chunk_size: 512M 	num_reg: 8  	lose cover RAM: 256G
[    0.001176]  gran_size: 512M 	chunk_size: 1G 	num_reg: 8  	lose cover RAM: 256G
[    0.001177]  gran_size: 512M 	chunk_size: 2G 	num_reg: 8  	lose cover RAM: 256G
[    0.001178]  gran_size: 1G 	chunk_size: 1G 	num_reg: 8  	lose cover RAM: 256G
[    0.001179]  gran_size: 1G 	chunk_size: 2G 	num_reg: 8  	lose cover RAM: 256G
[    0.001180]  gran_size: 2G 	chunk_size: 2G 	num_reg: 8  	lose cover RAM: 1G
[    0.001181] mtrr_cleanup: can not find optimal value
[    0.001181] please specify mtrr_gran_size/mtrr_chunk_size
[    0.001186] e820: update [mem 0xc0000000-0xffffffff] usable ==> reserved
[    0.001191] last_pfn = 0xc0000 max_arch_pfn = 0x400000000
[    0.008755] found SMP MP-table at [mem 0x000f6a70-0x000f6a7f]
[    0.008774] Using GB pages for direct mapping
[    0.008965] RAMDISK: [mem 0x32dff000-0x356f6fff]
[    0.008970] ACPI: Early table checksum verification disabled
[    0.008973] ACPI: RSDP 0x00000000000F6A00 000024 (v02 PTLTD )
[    0.008976] ACPI: XSDT 0x00000000BFEDB5D7 000064 (v01 INTEL  440BX    06040000 VMW  01324272)
[    0.008981] ACPI: FACP 0x00000000BFEFEE73 0000F4 (v04 INTEL  440BX    06040000 PTL  000F4240)
[    0.008990] ACPI: DSDT 0x00000000BFEDD001 021E72 (v01 PTLTD  Custom   06040000 MSFT 03000001)
[    0.008994] ACPI: FACS 0x00000000BFEFFFC0 000040
[    0.008997] ACPI: FACS 0x00000000BFEFFFC0 000040
[    0.008999] ACPI: BOOT 0x00000000BFEDCFB4 000028 (v01 PTLTD  $SBFTBL$ 06040000  LTP 00000001)
[    0.009002] ACPI: APIC 0x00000000BFEDC872 000742 (v01 PTLTD  ? APIC   06040000  LTP 00000000)
[    0.009005] ACPI: MCFG 0x00000000BFEDC836 00003C (v01 PTLTD  $PCITBL$ 06040000  LTP 00000001)
[    0.009008] ACPI: SRAT 0x00000000BFEDB72F 0008D0 (v02 VMWARE MEMPLUG  06040000 VMW  00000001)
[    0.009011] ACPI: HPET 0x00000000BFEDB6F7 000038 (v01 VMWARE VMW HPET 06040000 VMW  00000001)
[    0.009014] ACPI: WAET 0x00000000BFEDB6CF 000028 (v01 VMWARE VMW WAET 06040000 VMW  00000001)
[    0.009017] ACPI: DMAR 0x00000000BFEDB67F 000050 (v01 VMWARE VMW DMAR 06040000 VMW  00000001)
[    0.009019] ACPI: Reserving FACP table memory at [mem 0xbfefee73-0xbfefef66]
[    0.009021] ACPI: Reserving DSDT table memory at [mem 0xbfedd001-0xbfefee72]
[    0.009021] ACPI: Reserving FACS table memory at [mem 0xbfefffc0-0xbfefffff]
[    0.009022] ACPI: Reserving FACS table memory at [mem 0xbfefffc0-0xbfefffff]
[    0.009022] ACPI: Reserving BOOT table memory at [mem 0xbfedcfb4-0xbfedcfdb]
[    0.009023] ACPI: Reserving APIC table memory at [mem 0xbfedc872-0xbfedcfb3]
[    0.009024] ACPI: Reserving MCFG table memory at [mem 0xbfedc836-0xbfedc871]
[    0.009024] ACPI: Reserving SRAT table memory at [mem 0xbfedb72f-0xbfedbffe]
[    0.009025] ACPI: Reserving HPET table memory at [mem 0xbfedb6f7-0xbfedb72e]
[    0.009025] ACPI: Reserving WAET table memory at [mem 0xbfedb6cf-0xbfedb6f6]
[    0.009026] ACPI: Reserving DMAR table memory at [mem 0xbfedb67f-0xbfedb6ce]
[    0.009050] ACPI: Local APIC address 0xfee00000
[    0.009060] system APIC only can use physical flat
[    0.009060] Setting APIC routing to physical flat.
[    0.009080] SRAT: PXM 0 -> APIC 0x00 -> Node 0
[    0.009081] SRAT: PXM 0 -> APIC 0x01 -> Node 0
[    0.009082] SRAT: PXM 0 -> APIC 0x02 -> Node 0
[    0.009083] SRAT: PXM 0 -> APIC 0x03 -> Node 0
[    0.009083] SRAT: PXM 0 -> APIC 0x04 -> Node 0
[    0.009083] SRAT: PXM 0 -> APIC 0x05 -> Node 0
[    0.009084] SRAT: PXM 0 -> APIC 0x06 -> Node 0
[    0.009084] SRAT: PXM 0 -> APIC 0x07 -> Node 0
[    0.009085] SRAT: PXM 0 -> APIC 0x08 -> Node 0
[    0.009085] SRAT: PXM 0 -> APIC 0x09 -> Node 0
[    0.009086] SRAT: PXM 0 -> APIC 0x0a -> Node 0
[    0.009086] SRAT: PXM 0 -> APIC 0x0b -> Node 0
[    0.009087] SRAT: PXM 0 -> APIC 0x0c -> Node 0
[    0.009087] SRAT: PXM 0 -> APIC 0x0d -> Node 0
[    0.009088] SRAT: PXM 0 -> APIC 0x0e -> Node 0
[    0.009088] SRAT: PXM 0 -> APIC 0x0f -> Node 0
[    0.009089] SRAT: PXM 0 -> APIC 0x10 -> Node 0
[    0.009089] SRAT: PXM 0 -> APIC 0x11 -> Node 0
[    0.009090] SRAT: PXM 0 -> APIC 0x12 -> Node 0
[    0.009090] SRAT: PXM 0 -> APIC 0x13 -> Node 0
[    0.009091] SRAT: PXM 0 -> APIC 0x14 -> Node 0
[    0.009091] SRAT: PXM 0 -> APIC 0x15 -> Node 0
[    0.009091] SRAT: PXM 0 -> APIC 0x16 -> Node 0
[    0.009092] SRAT: PXM 0 -> APIC 0x17 -> Node 0
[    0.009092] SRAT: PXM 0 -> APIC 0x18 -> Node 0
[    0.009093] SRAT: PXM 0 -> APIC 0x19 -> Node 0
[    0.009093] SRAT: PXM 0 -> APIC 0x1a -> Node 0
[    0.009094] SRAT: PXM 0 -> APIC 0x1b -> Node 0
[    0.009094] SRAT: PXM 0 -> APIC 0x1c -> Node 0
[    0.009095] SRAT: PXM 0 -> APIC 0x1d -> Node 0
[    0.009095] SRAT: PXM 0 -> APIC 0x1e -> Node 0
[    0.009096] SRAT: PXM 0 -> APIC 0x1f -> Node 0
[    0.009096] SRAT: PXM 0 -> APIC 0x20 -> Node 0
[    0.009097] SRAT: PXM 0 -> APIC 0x21 -> Node 0
[    0.009097] SRAT: PXM 0 -> APIC 0x22 -> Node 0
[    0.009098] SRAT: PXM 0 -> APIC 0x23 -> Node 0
[    0.009098] SRAT: PXM 0 -> APIC 0x24 -> Node 0
[    0.009099] SRAT: PXM 0 -> APIC 0x25 -> Node 0
[    0.009099] SRAT: PXM 0 -> APIC 0x26 -> Node 0
[    0.009099] SRAT: PXM 0 -> APIC 0x27 -> Node 0
[    0.009100] SRAT: PXM 0 -> APIC 0x28 -> Node 0
[    0.009100] SRAT: PXM 0 -> APIC 0x29 -> Node 0
[    0.009101] SRAT: PXM 0 -> APIC 0x2a -> Node 0
[    0.009101] SRAT: PXM 0 -> APIC 0x2b -> Node 0
[    0.009102] SRAT: PXM 0 -> APIC 0x2c -> Node 0
[    0.009102] SRAT: PXM 0 -> APIC 0x2d -> Node 0
[    0.009103] SRAT: PXM 0 -> APIC 0x2e -> Node 0
[    0.009103] SRAT: PXM 0 -> APIC 0x2f -> Node 0
[    0.009104] SRAT: PXM 0 -> APIC 0x30 -> Node 0
[    0.009104] SRAT: PXM 0 -> APIC 0x31 -> Node 0
[    0.009105] SRAT: PXM 0 -> APIC 0x32 -> Node 0
[    0.009105] SRAT: PXM 0 -> APIC 0x33 -> Node 0
[    0.009106] SRAT: PXM 0 -> APIC 0x34 -> Node 0
[    0.009106] SRAT: PXM 0 -> APIC 0x35 -> Node 0
[    0.009107] SRAT: PXM 0 -> APIC 0x36 -> Node 0
[    0.009107] SRAT: PXM 0 -> APIC 0x37 -> Node 0
[    0.009107] SRAT: PXM 0 -> APIC 0x38 -> Node 0
[    0.009108] SRAT: PXM 0 -> APIC 0x39 -> Node 0
[    0.009108] SRAT: PXM 0 -> APIC 0x3a -> Node 0
[    0.009109] SRAT: PXM 0 -> APIC 0x3b -> Node 0
[    0.009109] SRAT: PXM 0 -> APIC 0x3c -> Node 0
[    0.009110] SRAT: PXM 0 -> APIC 0x3d -> Node 0
[    0.009110] SRAT: PXM 0 -> APIC 0x3e -> Node 0
[    0.009111] SRAT: PXM 0 -> APIC 0x3f -> Node 0
[    0.009111] SRAT: PXM 0 -> APIC 0x40 -> Node 0
[    0.009112] SRAT: PXM 0 -> APIC 0x41 -> Node 0
[    0.009112] SRAT: PXM 0 -> APIC 0x42 -> Node 0
[    0.009113] SRAT: PXM 0 -> APIC 0x43 -> Node 0
[    0.009113] SRAT: PXM 0 -> APIC 0x44 -> Node 0
[    0.009114] SRAT: PXM 0 -> APIC 0x45 -> Node 0
[    0.009114] SRAT: PXM 0 -> APIC 0x46 -> Node 0
[    0.009114] SRAT: PXM 0 -> APIC 0x47 -> Node 0
[    0.009115] SRAT: PXM 0 -> APIC 0x48 -> Node 0
[    0.009115] SRAT: PXM 0 -> APIC 0x49 -> Node 0
[    0.009116] SRAT: PXM 0 -> APIC 0x4a -> Node 0
[    0.009116] SRAT: PXM 0 -> APIC 0x4b -> Node 0
[    0.009117] SRAT: PXM 0 -> APIC 0x4c -> Node 0
[    0.009117] SRAT: PXM 0 -> APIC 0x4d -> Node 0
[    0.009118] SRAT: PXM 0 -> APIC 0x4e -> Node 0
[    0.009118] SRAT: PXM 0 -> APIC 0x4f -> Node 0
[    0.009119] SRAT: PXM 0 -> APIC 0x50 -> Node 0
[    0.009119] SRAT: PXM 0 -> APIC 0x51 -> Node 0
[    0.009120] SRAT: PXM 0 -> APIC 0x52 -> Node 0
[    0.009120] SRAT: PXM 0 -> APIC 0x53 -> Node 0
[    0.009121] SRAT: PXM 0 -> APIC 0x54 -> Node 0
[    0.009121] SRAT: PXM 0 -> APIC 0x55 -> Node 0
[    0.009121] SRAT: PXM 0 -> APIC 0x56 -> Node 0
[    0.009122] SRAT: PXM 0 -> APIC 0x57 -> Node 0
[    0.009122] SRAT: PXM 0 -> APIC 0x58 -> Node 0
[    0.009123] SRAT: PXM 0 -> APIC 0x59 -> Node 0
[    0.009123] SRAT: PXM 0 -> APIC 0x5a -> Node 0
[    0.009124] SRAT: PXM 0 -> APIC 0x5b -> Node 0
[    0.009124] SRAT: PXM 0 -> APIC 0x5c -> Node 0
[    0.009125] SRAT: PXM 0 -> APIC 0x5d -> Node 0
[    0.009125] SRAT: PXM 0 -> APIC 0x5e -> Node 0
[    0.009126] SRAT: PXM 0 -> APIC 0x5f -> Node 0
[    0.009126] SRAT: PXM 0 -> APIC 0x60 -> Node 0
[    0.009127] SRAT: PXM 0 -> APIC 0x61 -> Node 0
[    0.009127] SRAT: PXM 0 -> APIC 0x62 -> Node 0
[    0.009128] SRAT: PXM 0 -> APIC 0x63 -> Node 0
[    0.009128] SRAT: PXM 0 -> APIC 0x64 -> Node 0
[    0.009129] SRAT: PXM 0 -> APIC 0x65 -> Node 0
[    0.009129] SRAT: PXM 0 -> APIC 0x66 -> Node 0
[    0.009129] SRAT: PXM 0 -> APIC 0x67 -> Node 0
[    0.009130] SRAT: PXM 0 -> APIC 0x68 -> Node 0
[    0.009130] SRAT: PXM 0 -> APIC 0x69 -> Node 0
[    0.009131] SRAT: PXM 0 -> APIC 0x6a -> Node 0
[    0.009131] SRAT: PXM 0 -> APIC 0x6b -> Node 0
[    0.009132] SRAT: PXM 0 -> APIC 0x6c -> Node 0
[    0.009132] SRAT: PXM 0 -> APIC 0x6d -> Node 0
[    0.009133] SRAT: PXM 0 -> APIC 0x6e -> Node 0
[    0.009133] SRAT: PXM 0 -> APIC 0x6f -> Node 0
[    0.009134] SRAT: PXM 0 -> APIC 0x70 -> Node 0
[    0.009134] SRAT: PXM 0 -> APIC 0x71 -> Node 0
[    0.009135] SRAT: PXM 0 -> APIC 0x72 -> Node 0
[    0.009135] SRAT: PXM 0 -> APIC 0x73 -> Node 0
[    0.009136] SRAT: PXM 0 -> APIC 0x74 -> Node 0
[    0.009136] SRAT: PXM 0 -> APIC 0x75 -> Node 0
[    0.009137] SRAT: PXM 0 -> APIC 0x76 -> Node 0
[    0.009137] SRAT: PXM 0 -> APIC 0x77 -> Node 0
[    0.009137] SRAT: PXM 0 -> APIC 0x78 -> Node 0
[    0.009138] SRAT: PXM 0 -> APIC 0x79 -> Node 0
[    0.009138] SRAT: PXM 0 -> APIC 0x7a -> Node 0
[    0.009139] SRAT: PXM 0 -> APIC 0x7b -> Node 0
[    0.009139] SRAT: PXM 0 -> APIC 0x7c -> Node 0
[    0.009140] SRAT: PXM 0 -> APIC 0x7d -> Node 0
[    0.009140] SRAT: PXM 0 -> APIC 0x7e -> Node 0
[    0.009141] SRAT: PXM 0 -> APIC 0x7f -> Node 0
[    0.009143] ACPI: SRAT: Node 0 PXM 0 [mem 0x00000000-0x0009ffff]
[    0.009145] ACPI: SRAT: Node 0 PXM 0 [mem 0x00100000-0xbfffffff]
[    0.009146] ACPI: SRAT: Node 0 PXM 0 [mem 0x100000000-0x43fffffff]
[    0.009147] ACPI: SRAT: Node 0 PXM 0 [mem 0x440000000-0x403fffffff] hotplug
[    0.009149] NUMA: Node 0 [mem 0x00000000-0x0009ffff] + [mem 0x00100000-0xbfffffff] -> [mem 0x00000000-0xbfffffff]
[    0.009150] NUMA: Node 0 [mem 0x00000000-0xbfffffff] + [mem 0x100000000-0x43fffffff] -> [mem 0x00000000-0x43fffffff]
[    0.009157] NODE_DATA(0) allocated [mem 0x43ffd6000-0x43fffffff]
[    0.010139] Zone ranges:
[    0.010140]   DMA      [mem 0x0000000000001000-0x0000000000ffffff]
[    0.010141]   DMA32    [mem 0x0000000001000000-0x00000000ffffffff]
[    0.010143]   Normal   [mem 0x0000000100000000-0x000000043fffffff]
[    0.010144]   Device   empty
[    0.010144] Movable zone start for each node
[    0.010146] Early memory node ranges
[    0.010147]   node   0: [mem 0x0000000000001000-0x000000000009dfff]
[    0.010148]   node   0: [mem 0x0000000000100000-0x00000000bfecffff]
[    0.010149]   node   0: [mem 0x00000000bff00000-0x00000000bfffffff]
[    0.010149]   node   0: [mem 0x0000000100000000-0x000000043fffffff]
[    0.010151] Initmem setup node 0 [mem 0x0000000000001000-0x000000043fffffff]
[    0.010152] On node 0 totalpages: 4194157
[    0.010153]   DMA zone: 64 pages used for memmap
[    0.010153]   DMA zone: 157 pages reserved
[    0.010154]   DMA zone: 3997 pages, LIFO batch:0
[    0.010155]   DMA32 zone: 12224 pages used for memmap
[    0.010155]   DMA32 zone: 782288 pages, LIFO batch:63
[    0.010156]   Normal zone: 53248 pages used for memmap
[    0.010157]   Normal zone: 3407872 pages, LIFO batch:63
[    0.010217] On node 0, zone DMA: 1 pages in unavailable ranges
[    0.011087] On node 0, zone DMA: 98 pages in unavailable ranges
[    0.185938] On node 0, zone DMA32: 48 pages in unavailable ranges
[    0.957067] ACPI: PM-Timer IO Port: 0x1008
[    0.957071] ACPI: Local APIC address 0xfee00000
[    0.957076] system APIC only can use physical flat
[    0.957087] ACPI: LAPIC_NMI (acpi_id[0x00] high edge lint[0x1])
[    0.957088] ACPI: LAPIC_NMI (acpi_id[0x01] high edge lint[0x1])
[    0.957089] ACPI: LAPIC_NMI (acpi_id[0x02] high edge lint[0x1])
[    0.957090] ACPI: LAPIC_NMI (acpi_id[0x03] high edge lint[0x1])
[    0.957090] ACPI: LAPIC_NMI (acpi_id[0x04] high edge lint[0x1])
[    0.957091] ACPI: LAPIC_NMI (acpi_id[0x05] high edge lint[0x1])
[    0.957091] ACPI: LAPIC_NMI (acpi_id[0x06] high edge lint[0x1])
[    0.957092] ACPI: LAPIC_NMI (acpi_id[0x07] high edge lint[0x1])
[    0.957092] ACPI: LAPIC_NMI (acpi_id[0x08] high edge lint[0x1])
[    0.957092] ACPI: LAPIC_NMI (acpi_id[0x09] high edge lint[0x1])
[    0.957093] ACPI: LAPIC_NMI (acpi_id[0x0a] high edge lint[0x1])
[    0.957093] ACPI: LAPIC_NMI (acpi_id[0x0b] high edge lint[0x1])
[    0.957094] ACPI: LAPIC_NMI (acpi_id[0x0c] high edge lint[0x1])
[    0.957094] ACPI: LAPIC_NMI (acpi_id[0x0d] high edge lint[0x1])
[    0.957095] ACPI: LAPIC_NMI (acpi_id[0x0e] high edge lint[0x1])
[    0.957095] ACPI: LAPIC_NMI (acpi_id[0x0f] high edge lint[0x1])
[    0.957096] ACPI: LAPIC_NMI (acpi_id[0x10] high edge lint[0x1])
[    0.957097] ACPI: LAPIC_NMI (acpi_id[0x11] high edge lint[0x1])
[    0.957097] ACPI: LAPIC_NMI (acpi_id[0x12] high edge lint[0x1])
[    0.957098] ACPI: LAPIC_NMI (acpi_id[0x13] high edge lint[0x1])
[    0.957098] ACPI: LAPIC_NMI (acpi_id[0x14] high edge lint[0x1])
[    0.957099] ACPI: LAPIC_NMI (acpi_id[0x15] high edge lint[0x1])
[    0.957099] ACPI: LAPIC_NMI (acpi_id[0x16] high edge lint[0x1])
[    0.957100] ACPI: LAPIC_NMI (acpi_id[0x17] high edge lint[0x1])
[    0.957100] ACPI: LAPIC_NMI (acpi_id[0x18] high edge lint[0x1])
[    0.957101] ACPI: LAPIC_NMI (acpi_id[0x19] high edge lint[0x1])
[    0.957101] ACPI: LAPIC_NMI (acpi_id[0x1a] high edge lint[0x1])
[    0.957102] ACPI: LAPIC_NMI (acpi_id[0x1b] high edge lint[0x1])
[    0.957102] ACPI: LAPIC_NMI (acpi_id[0x1c] high edge lint[0x1])
[    0.957103] ACPI: LAPIC_NMI (acpi_id[0x1d] high edge lint[0x1])
[    0.957103] ACPI: LAPIC_NMI (acpi_id[0x1e] high edge lint[0x1])
[    0.957104] ACPI: LAPIC_NMI (acpi_id[0x1f] high edge lint[0x1])
[    0.957104] ACPI: LAPIC_NMI (acpi_id[0x20] high edge lint[0x1])
[    0.957105] ACPI: LAPIC_NMI (acpi_id[0x21] high edge lint[0x1])
[    0.957105] ACPI: LAPIC_NMI (acpi_id[0x22] high edge lint[0x1])
[    0.957106] ACPI: LAPIC_NMI (acpi_id[0x23] high edge lint[0x1])
[    0.957106] ACPI: LAPIC_NMI (acpi_id[0x24] high edge lint[0x1])
[    0.957107] ACPI: LAPIC_NMI (acpi_id[0x25] high edge lint[0x1])
[    0.957107] ACPI: LAPIC_NMI (acpi_id[0x26] high edge lint[0x1])
[    0.957108] ACPI: LAPIC_NMI (acpi_id[0x27] high edge lint[0x1])
[    0.957108] ACPI: LAPIC_NMI (acpi_id[0x28] high edge lint[0x1])
[    0.957109] ACPI: LAPIC_NMI (acpi_id[0x29] high edge lint[0x1])
[    0.957109] ACPI: LAPIC_NMI (acpi_id[0x2a] high edge lint[0x1])
[    0.957110] ACPI: LAPIC_NMI (acpi_id[0x2b] high edge lint[0x1])
[    0.957110] ACPI: LAPIC_NMI (acpi_id[0x2c] high edge lint[0x1])
[    0.957111] ACPI: LAPIC_NMI (acpi_id[0x2d] high edge lint[0x1])
[    0.957111] ACPI: LAPIC_NMI (acpi_id[0x2e] high edge lint[0x1])
[    0.957112] ACPI: LAPIC_NMI (acpi_id[0x2f] high edge lint[0x1])
[    0.957112] ACPI: LAPIC_NMI (acpi_id[0x30] high edge lint[0x1])
[    0.957113] ACPI: LAPIC_NMI (acpi_id[0x31] high edge lint[0x1])
[    0.957113] ACPI: LAPIC_NMI (acpi_id[0x32] high edge lint[0x1])
[    0.957114] ACPI: LAPIC_NMI (acpi_id[0x33] high edge lint[0x1])
[    0.957114] ACPI: LAPIC_NMI (acpi_id[0x34] high edge lint[0x1])
[    0.957115] ACPI: LAPIC_NMI (acpi_id[0x35] high edge lint[0x1])
[    0.957115] ACPI: LAPIC_NMI (acpi_id[0x36] high edge lint[0x1])
[    0.957116] ACPI: LAPIC_NMI (acpi_id[0x37] high edge lint[0x1])
[    0.957116] ACPI: LAPIC_NMI (acpi_id[0x38] high edge lint[0x1])
[    0.957117] ACPI: LAPIC_NMI (acpi_id[0x39] high edge lint[0x1])
[    0.957117] ACPI: LAPIC_NMI (acpi_id[0x3a] high edge lint[0x1])
[    0.957118] ACPI: LAPIC_NMI (acpi_id[0x3b] high edge lint[0x1])
[    0.957118] ACPI: LAPIC_NMI (acpi_id[0x3c] high edge lint[0x1])
[    0.957119] ACPI: LAPIC_NMI (acpi_id[0x3d] high edge lint[0x1])
[    0.957119] ACPI: LAPIC_NMI (acpi_id[0x3e] high edge lint[0x1])
[    0.957120] ACPI: LAPIC_NMI (acpi_id[0x3f] high edge lint[0x1])
[    0.957120] ACPI: LAPIC_NMI (acpi_id[0x40] high edge lint[0x1])
[    0.957121] ACPI: LAPIC_NMI (acpi_id[0x41] high edge lint[0x1])
[    0.957121] ACPI: LAPIC_NMI (acpi_id[0x42] high edge lint[0x1])
[    0.957122] ACPI: LAPIC_NMI (acpi_id[0x43] high edge lint[0x1])
[    0.957122] ACPI: LAPIC_NMI (acpi_id[0x44] high edge lint[0x1])
[    0.957123] ACPI: LAPIC_NMI (acpi_id[0x45] high edge lint[0x1])
[    0.957123] ACPI: LAPIC_NMI (acpi_id[0x46] high edge lint[0x1])
[    0.957124] ACPI: LAPIC_NMI (acpi_id[0x47] high edge lint[0x1])
[    0.957124] ACPI: LAPIC_NMI (acpi_id[0x48] high edge lint[0x1])
[    0.957125] ACPI: LAPIC_NMI (acpi_id[0x49] high edge lint[0x1])
[    0.957125] ACPI: LAPIC_NMI (acpi_id[0x4a] high edge lint[0x1])
[    0.957126] ACPI: LAPIC_NMI (acpi_id[0x4b] high edge lint[0x1])
[    0.957126] ACPI: LAPIC_NMI (acpi_id[0x4c] high edge lint[0x1])
[    0.957127] ACPI: LAPIC_NMI (acpi_id[0x4d] high edge lint[0x1])
[    0.957127] ACPI: LAPIC_NMI (acpi_id[0x4e] high edge lint[0x1])
[    0.957128] ACPI: LAPIC_NMI (acpi_id[0x4f] high edge lint[0x1])
[    0.957128] ACPI: LAPIC_NMI (acpi_id[0x50] high edge lint[0x1])
[    0.957129] ACPI: LAPIC_NMI (acpi_id[0x51] high edge lint[0x1])
[    0.957129] ACPI: LAPIC_NMI (acpi_id[0x52] high edge lint[0x1])
[    0.957130] ACPI: LAPIC_NMI (acpi_id[0x53] high edge lint[0x1])
[    0.957130] ACPI: LAPIC_NMI (acpi_id[0x54] high edge lint[0x1])
[    0.957131] ACPI: LAPIC_NMI (acpi_id[0x55] high edge lint[0x1])
[    0.957131] ACPI: LAPIC_NMI (acpi_id[0x56] high edge lint[0x1])
[    0.957132] ACPI: LAPIC_NMI (acpi_id[0x57] high edge lint[0x1])
[    0.957132] ACPI: LAPIC_NMI (acpi_id[0x58] high edge lint[0x1])
[    0.957133] ACPI: LAPIC_NMI (acpi_id[0x59] high edge lint[0x1])
[    0.957133] ACPI: LAPIC_NMI (acpi_id[0x5a] high edge lint[0x1])
[    0.957134] ACPI: LAPIC_NMI (acpi_id[0x5b] high edge lint[0x1])
[    0.957134] ACPI: LAPIC_NMI (acpi_id[0x5c] high edge lint[0x1])
[    0.957135] ACPI: LAPIC_NMI (acpi_id[0x5d] high edge lint[0x1])
[    0.957135] ACPI: LAPIC_NMI (acpi_id[0x5e] high edge lint[0x1])
[    0.957136] ACPI: LAPIC_NMI (acpi_id[0x5f] high edge lint[0x1])
[    0.957136] ACPI: LAPIC_NMI (acpi_id[0x60] high edge lint[0x1])
[    0.957137] ACPI: LAPIC_NMI (acpi_id[0x61] high edge lint[0x1])
[    0.957137] ACPI: LAPIC_NMI (acpi_id[0x62] high edge lint[0x1])
[    0.957138] ACPI: LAPIC_NMI (acpi_id[0x63] high edge lint[0x1])
[    0.957138] ACPI: LAPIC_NMI (acpi_id[0x64] high edge lint[0x1])
[    0.957139] ACPI: LAPIC_NMI (acpi_id[0x65] high edge lint[0x1])
[    0.957139] ACPI: LAPIC_NMI (acpi_id[0x66] high edge lint[0x1])
[    0.957140] ACPI: LAPIC_NMI (acpi_id[0x67] high edge lint[0x1])
[    0.957140] ACPI: LAPIC_NMI (acpi_id[0x68] high edge lint[0x1])
[    0.957141] ACPI: LAPIC_NMI (acpi_id[0x69] high edge lint[0x1])
[    0.957141] ACPI: LAPIC_NMI (acpi_id[0x6a] high edge lint[0x1])
[    0.957142] ACPI: LAPIC_NMI (acpi_id[0x6b] high edge lint[0x1])
[    0.957142] ACPI: LAPIC_NMI (acpi_id[0x6c] high edge lint[0x1])
[    0.957143] ACPI: LAPIC_NMI (acpi_id[0x6d] high edge lint[0x1])
[    0.957143] ACPI: LAPIC_NMI (acpi_id[0x6e] high edge lint[0x1])
[    0.957144] ACPI: LAPIC_NMI (acpi_id[0x6f] high edge lint[0x1])
[    0.957144] ACPI: LAPIC_NMI (acpi_id[0x70] high edge lint[0x1])
[    0.957145] ACPI: LAPIC_NMI (acpi_id[0x71] high edge lint[0x1])
[    0.957145] ACPI: LAPIC_NMI (acpi_id[0x72] high edge lint[0x1])
[    0.957146] ACPI: LAPIC_NMI (acpi_id[0x73] high edge lint[0x1])
[    0.957146] ACPI: LAPIC_NMI (acpi_id[0x74] high edge lint[0x1])
[    0.957147] ACPI: LAPIC_NMI (acpi_id[0x75] high edge lint[0x1])
[    0.957147] ACPI: LAPIC_NMI (acpi_id[0x76] high edge lint[0x1])
[    0.957148] ACPI: LAPIC_NMI (acpi_id[0x77] high edge lint[0x1])
[    0.957148] ACPI: LAPIC_NMI (acpi_id[0x78] high edge lint[0x1])
[    0.957149] ACPI: LAPIC_NMI (acpi_id[0x79] high edge lint[0x1])
[    0.957149] ACPI: LAPIC_NMI (acpi_id[0x7a] high edge lint[0x1])
[    0.957150] ACPI: LAPIC_NMI (acpi_id[0x7b] high edge lint[0x1])
[    0.957150] ACPI: LAPIC_NMI (acpi_id[0x7c] high edge lint[0x1])
[    0.957151] ACPI: LAPIC_NMI (acpi_id[0x7d] high edge lint[0x1])
[    0.957151] ACPI: LAPIC_NMI (acpi_id[0x7e] high edge lint[0x1])
[    0.957152] ACPI: LAPIC_NMI (acpi_id[0x7f] high edge lint[0x1])
[    0.957182] IOAPIC[0]: apic_id 128, version 32, address 0xfec00000, GSI 0-23
[    0.957187] ACPI: INT_SRC_OVR (bus 0 bus_irq 0 global_irq 2 high edge)
[    0.957190] ACPI: IRQ0 used by override.
[    0.957191] ACPI: IRQ9 used by override.
[    0.957194] Using ACPI (MADT) for SMP configuration information
[    0.957195] ACPI: HPET id: 0x8086af01 base: 0xfed00000
[    0.957198] TSC deadline timer available
[    0.957204] smpboot: Allowing 128 CPUs, 120 hotplug CPUs
[    0.957215] PM: hibernation: Registered nosave memory: [mem 0x00000000-0x00000fff]
[    0.957217] PM: hibernation: Registered nosave memory: [mem 0x0009e000-0x0009efff]
[    0.957218] PM: hibernation: Registered nosave memory: [mem 0x0009f000-0x0009ffff]
[    0.957218] PM: hibernation: Registered nosave memory: [mem 0x000a0000-0x000dbfff]
[    0.957219] PM: hibernation: Registered nosave memory: [mem 0x000dc000-0x000fffff]
[    0.957220] PM: hibernation: Registered nosave memory: [mem 0xbfed0000-0xbfefefff]
[    0.957220] PM: hibernation: Registered nosave memory: [mem 0xbfeff000-0xbfefffff]
[    0.957221] PM: hibernation: Registered nosave memory: [mem 0xc0000000-0xefffffff]
[    0.957222] PM: hibernation: Registered nosave memory: [mem 0xf0000000-0xf7ffffff]
[    0.957222] PM: hibernation: Registered nosave memory: [mem 0xf8000000-0xfebfffff]
[    0.957223] PM: hibernation: Registered nosave memory: [mem 0xfec00000-0xfec0ffff]
[    0.957223] PM: hibernation: Registered nosave memory: [mem 0xfec10000-0xfedfffff]
[    0.957224] PM: hibernation: Registered nosave memory: [mem 0xfee00000-0xfee00fff]
[    0.957224] PM: hibernation: Registered nosave memory: [mem 0xfee01000-0xfffdffff]
[    0.957225] PM: hibernation: Registered nosave memory: [mem 0xfffe0000-0xffffffff]
[    0.957226] [mem 0xc0000000-0xefffffff] available for PCI devices
[    0.957227] Booting paravirtualized kernel on VMware hypervisor
[    0.957229] clocksource: refined-jiffies: mask: 0xffffffff max_cycles: 0xffffffff, max_idle_ns: 7645519600211568 ns
[    0.957254] setup_percpu: NR_CPUS:8192 nr_cpumask_bits:128 nr_cpu_ids:128 nr_node_ids:1
[    1.073623] percpu: Embedded 57 pages/cpu s196608 r8192 d28672 u262144
[    1.073634] pcpu-alloc: s196608 r8192 d28672 u262144 alloc=1*2097152
[    1.073636] pcpu-alloc: [0] 000 001 002 003 004 005 006 007 
[    1.073640] pcpu-alloc: [0] 008 009 010 011 012 013 014 015 
[    1.073643] pcpu-alloc: [0] 016 017 018 019 020 021 022 023 
[    1.073647] pcpu-alloc: [0] 024 025 026 027 028 029 030 031 
[    1.073650] pcpu-alloc: [0] 032 033 034 035 036 037 038 039 
[    1.073653] pcpu-alloc: [0] 040 041 042 043 044 045 046 047 
[    1.073656] pcpu-alloc: [0] 048 049 050 051 052 053 054 055 
[    1.073659] pcpu-alloc: [0] 056 057 058 059 060 061 062 063 
[    1.073663] pcpu-alloc: [0] 064 065 066 067 068 069 070 071 
[    1.073666] pcpu-alloc: [0] 072 073 074 075 076 077 078 079 
[    1.073669] pcpu-alloc: [0] 080 081 082 083 084 085 086 087 
[    1.073672] pcpu-alloc: [0] 088 089 090 091 092 093 094 095 
[    1.073675] pcpu-alloc: [0] 096 097 098 099 100 101 102 103 
[    1.073680] pcpu-alloc: [0] 104 105 106 107 108 109 110 111 
[    1.073696] pcpu-alloc: [0] 112 113 114 115 116 117 118 119 
[    1.073699] pcpu-alloc: [0] 120 121 122 123 124 125 126 127 
[    1.073751] Built 1 zonelists, mobility grouping on.  Total pages: 4128464
[    1.073753] Policy zone: Normal
[    1.073754] Kernel command line: BOOT_IMAGE=/boot/vmlinuz-5.13.0-27-generic root=UUID=4120dc8f-fb10-40b3-9f48-2a9133d6ce16 ro quiet splash
[    1.073810] printk: log_buf_len individual max cpu contribution: 4096 bytes
[    1.073811] printk: log_buf_len total cpu_extra contributions: 520192 bytes
[    1.073811] printk: log_buf_len min size: 262144 bytes
[    1.090056] printk: log_buf_len: 1048576 bytes
[    1.090057] printk: early log buf free: 226408(86%)
[    1.147489] Dentry cache hash table entries: 2097152 (order: 12, 16777216 bytes, linear)
[    1.175657] Inode-cache hash table entries: 1048576 (order: 11, 8388608 bytes, linear)
[    1.177700] mem auto-init: stack:off, heap alloc:on, heap free:off
[    1.311757] Memory: 16303604K/16776628K available (16393K kernel code, 3510K rwdata, 10508K rodata, 2860K init, 5768K bss, 472764K reserved, 0K cma-reserved)
[    1.311764] random: get_random_u64 called from kmem_cache_open+0x25/0x2f0 with crng_init=0
[    1.312508] SLUB: HWalign=64, Order=0-3, MinObjects=0, CPUs=128, Nodes=1
[    1.312581] Kernel/User page tables isolation: enabled
[    1.312976] ftrace: allocating 49726 entries in 195 pages
[    1.326644] ftrace: allocated 195 pages with 4 groups
[    1.328353] rcu: Hierarchical RCU implementation.
[    1.328355] rcu: 	RCU restricting CPUs from NR_CPUS=8192 to nr_cpu_ids=128.
[    1.328356] 	Rude variant of Tasks RCU enabled.
[    1.328356] 	Tracing variant of Tasks RCU enabled.
[    1.328357] rcu: RCU calculated value of scheduler-enlistment delay is 25 jiffies.
[    1.328358] rcu: Adjusting geometry for rcu_fanout_leaf=16, nr_cpu_ids=128
[    1.332378] NR_IRQS: 524544, nr_irqs: 1448, preallocated irqs: 16
[    1.332751] random: crng done (trusting CPU's manufacturer)
[    1.334048] Console: colour VGA+ 80x25
[    1.334071] printk: console [tty0] enabled
[    1.334147] ACPI: Core revision 20210331
[    1.335036] clocksource: hpet: mask: 0xffffffff max_cycles: 0xffffffff, max_idle_ns: 133484882848 ns
[    1.335131] APIC: Switch to symmetric I/O mode setup
[    1.335133] DMAR: Host address width 45
[    1.335134] DMAR: DRHD base: 0x000000fec10000 flags: 0x1
[    1.335150] DMAR: dmar0: reg_base_addr fec10000 ver 1:0 cap ff0080f02c0462 ecap f0f15f
[    1.335154] DMAR: ATSR flags: 0x1
[    1.335156] DMAR-IR: IOAPIC id 128 under DRHD base  0xfec10000 IOMMU 0
[    1.335157] DMAR-IR: Queued invalidation will be enabled to support x2apic and Intr-remapping.
[    1.341024] DMAR-IR: Enabled IRQ remapping in x2apic mode
[    1.341392] x2apic enabled
[    1.341407] System requires x2apic physical mode
[    1.341408] Switched APIC routing to physical x2apic.
[    1.342494] ..TIMER: vector=0x30 apic1=0 pin1=2 apic2=-1 pin2=-1
[    1.342535] clocksource: tsc-early: mask: 0xffffffffffffffff max_cycles: 0x1fd3b81b95f, max_idle_ns: 440795257325 ns
[    1.342540] Calibrating delay loop (skipped) preset value.. 4416.00 BogoMIPS (lpj=8832000)
[    1.342542] pid_max: default: 131072 minimum: 1024
[    1.342623] LSM: Security Framework initializing
[    1.342633] Yama: becoming mindful.
[    1.342836] AppArmor: AppArmor initialized
[    1.347221] Mount-cache hash table entries: 32768 (order: 6, 262144 bytes, linear)
[    1.348097] Mountpoint-cache hash table entries: 32768 (order: 6, 262144 bytes, linear)
[    1.349103] Disabled fast string operations
[    1.349170] Last level iTLB entries: 4KB 64, 2MB 8, 4MB 8
[    1.349172] Last level dTLB entries: 4KB 64, 2MB 0, 4MB 0, 1GB 4
[    1.349175] Spectre V1 : Mitigation: usercopy/swapgs barriers and __user pointer sanitization
[    1.349176] Spectre V2 : Mitigation: Full generic retpoline
[    1.349177] Spectre V2 : Spectre v2 / SpectreRSB mitigation: Filling RSB on context switch
[    1.349177] Spectre V2 : Enabling Restricted Speculation for firmware calls
[    1.349178] Spectre V2 : mitigation: Enabling conditional Indirect Branch Prediction Barrier
[    1.349179] Speculative Store Bypass: Mitigation: Speculative Store Bypass disabled via prctl and seccomp
[    1.349181] SRBDS: Unknown: Dependent on hypervisor status
[    1.349182] MDS: Mitigation: Clear CPU buffers
[    1.351619] Freeing SMP alternatives memory: 40K
[    1.355366] smpboot: CPU0: Intel(R) Core(TM) i7-8750H CPU @ 2.20GHz (family: 0x6, model: 0x9e, stepping: 0xa)
[    1.356353] Performance Events: Skylake events, Broken BIOS detected, complain to your hardware vendor.
[    1.356378] [Firmware Bug]: the BIOS has corrupted hw-PMU resources (MSR 38d is 3)
[    1.356585] Intel PMU driver.
[    1.356587] ... version:                4
[    1.356588] ... bit width:              48
[    1.356589] ... generic registers:      4
[    1.356589] ... value mask:             0000ffffffffffff
[    1.356590] ... max period:             000000007fffffff
[    1.356590] ... fixed-purpose events:   3
[    1.356591] ... event mask:             000000070000000f
[    1.356782] rcu: Hierarchical SRCU implementation.
[    1.357589] NMI watchdog: Enabled. Permanently consumes one hw-PMU counter.
[    1.371529] smp: Bringing up secondary CPUs ...
[    1.372333] x86: Booting SMP configuration:
[    1.372334] .... node  #0, CPUs:          #1
[    0.009825] Disabled fast string operations
[    1.374852]    #2
[    0.009825] Disabled fast string operations
[    0.009825] smpboot: CPU 2 Converting physical 0 to logical die 1
[    1.375786]    #3
[    0.009825] Disabled fast string operations
[    1.379444]    #4
[    0.009825] Disabled fast string operations
[    0.009825] smpboot: CPU 4 Converting physical 0 to logical die 2
[    1.380391]    #5
[    0.009825] Disabled fast string operations
[    1.383300]    #6
[    0.009825] Disabled fast string operations
[    0.009825] smpboot: CPU 6 Converting physical 0 to logical die 3
[    1.386619]    #7
[    0.009825] Disabled fast string operations
[    1.387856] smp: Brought up 1 node, 8 CPUs
[    1.387856] smpboot: Max logical packages: 64
[    1.387856] smpboot: Total of 8 processors activated (35328.00 BogoMIPS)
[    1.391198] devtmpfs: initialized
[    1.391198] x86/mm: Memory block size: 128MB
[    1.395133] PM: Registering ACPI NVS region [mem 0xbfeff000-0xbfefffff] (4096 bytes)
[    1.395133] clocksource: jiffies: mask: 0xffffffff max_cycles: 0xffffffff, max_idle_ns: 7645041785100000 ns
[    1.403395] futex hash table entries: 32768 (order: 9, 2097152 bytes, linear)
[    1.403738] pinctrl core: initialized pinctrl subsystem
[    1.403938] PM: RTC time: 23:36:10, date: 2022-01-27
[    1.406168] NET: Registered protocol family 16
[    1.413953] DMA: preallocated 2048 KiB GFP_KERNEL pool for atomic allocations
[    1.414099] DMA: preallocated 2048 KiB GFP_KERNEL|GFP_DMA pool for atomic allocations
[    1.414252] DMA: preallocated 2048 KiB GFP_KERNEL|GFP_DMA32 pool for atomic allocations
[    1.414263] audit: initializing netlink subsys (disabled)
[    1.414557] audit: type=2000 audit(1643326570.076:1): state=initialized audit_enabled=0 res=1
[    1.414887] thermal_sys: Registered thermal governor 'fair_share'
[    1.414888] thermal_sys: Registered thermal governor 'bang_bang'
[    1.414889] thermal_sys: Registered thermal governor 'step_wise'
[    1.414889] thermal_sys: Registered thermal governor 'user_space'
[    1.414890] thermal_sys: Registered thermal governor 'power_allocator'
[    1.414927] EISA bus registered
[    1.414950] cpuidle: using governor ladder
[    1.414950] cpuidle: using governor menu
[    1.414950] Simple Boot Flag at 0x36 set to 0x80
[    1.414950] ACPI: bus type PCI registered
[    1.414950] acpiphp: ACPI Hot Plug PCI Controller Driver version: 0.5
[    1.415081] PCI: MMCONFIG for domain 0000 [bus 00-7f] at [mem 0xf0000000-0xf7ffffff] (base 0xf0000000)
[    1.415085] PCI: MMCONFIG at [mem 0xf0000000-0xf7ffffff] reserved in E820
[    1.415090] pmd_set_huge: Cannot satisfy [mem 0xf0000000-0xf0200000] with a huge-page mapping due to MTRR override.
[    1.416212] PCI: Using configuration type 1 for base access
[    1.420289] Kprobes globally optimized
[    1.420305] HugeTLB registered 1.00 GiB page size, pre-allocated 0 pages
[    1.420305] HugeTLB registered 2.00 MiB page size, pre-allocated 0 pages
[    1.438765] ACPI: Added _OSI(Module Device)
[    1.438767] ACPI: Added _OSI(Processor Device)
[    1.438767] ACPI: Added _OSI(3.0 _SCP Extensions)
[    1.438768] ACPI: Added _OSI(Processor Aggregator Device)
[    1.438769] ACPI: Added _OSI(Linux-Dell-Video)
[    1.438769] ACPI: Added _OSI(Linux-Lenovo-NV-HDMI-Audio)
[    1.438770] ACPI: Added _OSI(Linux-HPI-Hybrid-Graphics)
[    1.462764] ACPI: 1 ACPI AML tables successfully acquired and loaded
[    1.464653] ACPI: [Firmware Bug]: BIOS _OSI(Linux) query ignored
[    1.483304] ACPI: Interpreter enabled
[    1.483314] ACPI: (supports S0 S1 S4 S5)
[    1.483315] ACPI: Using IOAPIC for interrupt routing
[    1.483330] PCI: Using host bridge windows from ACPI; if necessary, use "pci=nocrs" and report a bug
[    1.484769] ACPI: Enabled 4 GPEs in block 00 to 0F
[    1.665726] ACPI: PCI Root Bridge [PCI0] (domain 0000 [bus 00-7f])
[    1.665734] acpi PNP0A03:00: _OSC: OS supports [ExtendedConfig ASPM ClockPM Segments MSI HPX-Type3]
[    1.665913] acpi PNP0A03:00: _OSC: platform does not support [AER LTR]
[    1.666098] acpi PNP0A03:00: _OSC: OS now controls [PCIeHotplug SHPCHotplug PME PCIeCapability]
[    1.667944] PCI host bridge to bus 0000:00
[    1.667946] pci_bus 0000:00: root bus resource [bus 00-7f]
[    1.667948] pci_bus 0000:00: root bus resource [io  0x0000-0x0cf7 window]
[    1.667949] pci_bus 0000:00: root bus resource [io  0x0d00-0xfeff window]
[    1.667950] pci_bus 0000:00: root bus resource [mem 0x000a0000-0x000bffff window]
[    1.667951] pci_bus 0000:00: root bus resource [mem 0x000d0000-0x000dbfff window]
[    1.667952] pci_bus 0000:00: root bus resource [mem 0xc0000000-0xfebfffff window]
[    1.668051] pci 0000:00:00.0: [8086:7190] type 00 class 0x060000
[    1.668831] pci 0000:00:01.0: [8086:7191] type 01 class 0x060400
[    1.670276] pci 0000:00:07.0: [8086:7110] type 00 class 0x060100
[    1.671050] pci 0000:00:07.1: [8086:7111] type 00 class 0x01018a
[    1.674002] pci 0000:00:07.1: reg 0x20: [io  0x1060-0x106f]
[    1.674764] pci 0000:00:07.1: legacy IDE quirk: reg 0x10: [io  0x01f0-0x01f7]
[    1.674766] pci 0000:00:07.1: legacy IDE quirk: reg 0x14: [io  0x03f6]
[    1.674767] pci 0000:00:07.1: legacy IDE quirk: reg 0x18: [io  0x0170-0x0177]
[    1.674768] pci 0000:00:07.1: legacy IDE quirk: reg 0x1c: [io  0x0376]
[    1.675612] pci 0000:00:07.3: [8086:7113] type 00 class 0x068000
[    1.677939] pci 0000:00:07.3: quirk: [io  0x1000-0x103f] claimed by PIIX4 ACPI
[    1.677951] pci 0000:00:07.3: quirk: [io  0x1040-0x104f] claimed by PIIX4 SMB
[    1.678301] pci 0000:00:07.7: [15ad:0740] type 00 class 0x088000
[    1.678828] pci 0000:00:07.7: reg 0x10: [io  0x1080-0x10bf]
[    1.679430] pci 0000:00:07.7: reg 0x14: [mem 0xfebfe000-0xfebfffff 64bit]
[    1.683441] pci 0000:00:0f.0: [15ad:0405] type 00 class 0x030000
[    1.684625] pci 0000:00:0f.0: reg 0x10: [io  0x1070-0x107f]
[    1.685592] pci 0000:00:0f.0: reg 0x14: [mem 0xe8000000-0xefffffff pref]
[    1.686541] pci 0000:00:0f.0: reg 0x18: [mem 0xfe000000-0xfe7fffff]
[    1.690432] pci 0000:00:0f.0: reg 0x30: [mem 0x00000000-0x00007fff pref]
[    1.691065] pci 0000:00:10.0: [1000:0030] type 00 class 0x010000
[    1.691684] pci 0000:00:10.0: reg 0x10: [io  0x1400-0x14ff]
[    1.692279] pci 0000:00:10.0: reg 0x14: [mem 0xfeba0000-0xfebbffff 64bit]
[    1.692918] pci 0000:00:10.0: reg 0x1c: [mem 0xfebc0000-0xfebdffff 64bit]
[    1.694027] pci 0000:00:10.0: reg 0x30: [mem 0x00000000-0x00003fff pref]
[    1.694587] pci 0000:00:11.0: [15ad:0790] type 01 class 0x060401
[    1.696065] pci 0000:00:15.0: [15ad:07a0] type 01 class 0x060400
[    1.696911] pci 0000:00:15.0: PME# supported from D0 D3hot D3cold
[    1.697294] pci 0000:00:15.1: [15ad:07a0] type 01 class 0x060400
[    1.698132] pci 0000:00:15.1: PME# supported from D0 D3hot D3cold
[    1.698522] pci 0000:00:15.2: [15ad:07a0] type 01 class 0x060400
[    1.699340] pci 0000:00:15.2: PME# supported from D0 D3hot D3cold
[    1.699929] pci 0000:00:15.3: [15ad:07a0] type 01 class 0x060400
[    1.700754] pci 0000:00:15.3: PME# supported from D0 D3hot D3cold
[    1.701187] pci 0000:00:15.4: [15ad:07a0] type 01 class 0x060400
[    1.702003] pci 0000:00:15.4: PME# supported from D0 D3hot D3cold
[    1.702373] pci 0000:00:15.5: [15ad:07a0] type 01 class 0x060400
[    1.703179] pci 0000:00:15.5: PME# supported from D0 D3hot D3cold
[    1.703571] pci 0000:00:15.6: [15ad:07a0] type 01 class 0x060400
[    1.704390] pci 0000:00:15.6: PME# supported from D0 D3hot D3cold
[    1.704897] pci 0000:00:15.7: [15ad:07a0] type 01 class 0x060400
[    1.705720] pci 0000:00:15.7: PME# supported from D0 D3hot D3cold
[    1.706286] pci 0000:00:16.0: [15ad:07a0] type 01 class 0x060400
[    1.707095] pci 0000:00:16.0: PME# supported from D0 D3hot D3cold
[    1.707516] pci 0000:00:16.1: [15ad:07a0] type 01 class 0x060400
[    1.708378] pci 0000:00:16.1: PME# supported from D0 D3hot D3cold
[    1.708790] pci 0000:00:16.2: [15ad:07a0] type 01 class 0x060400
[    1.709604] pci 0000:00:16.2: PME# supported from D0 D3hot D3cold
[    1.710184] pci 0000:00:16.3: [15ad:07a0] type 01 class 0x060400
[    1.710998] pci 0000:00:16.3: PME# supported from D0 D3hot D3cold
[    1.711420] pci 0000:00:16.4: [15ad:07a0] type 01 class 0x060400
[    1.712235] pci 0000:00:16.4: PME# supported from D0 D3hot D3cold
[    1.712784] pci 0000:00:16.5: [15ad:07a0] type 01 class 0x060400
[    1.713598] pci 0000:00:16.5: PME# supported from D0 D3hot D3cold
[    1.714011] pci 0000:00:16.6: [15ad:07a0] type 01 class 0x060400
[    1.714870] pci 0000:00:16.6: PME# supported from D0 D3hot D3cold
[    1.715293] pci 0000:00:16.7: [15ad:07a0] type 01 class 0x060400
[    1.716113] pci 0000:00:16.7: PME# supported from D0 D3hot D3cold
[    1.716725] pci 0000:00:17.0: [15ad:07a0] type 01 class 0x060400
[    1.717541] pci 0000:00:17.0: PME# supported from D0 D3hot D3cold
[    1.717969] pci 0000:00:17.1: [15ad:07a0] type 01 class 0x060400
[    1.718792] pci 0000:00:17.1: PME# supported from D0 D3hot D3cold
[    1.719215] pci 0000:00:17.2: [15ad:07a0] type 01 class 0x060400
[    1.720094] pci 0000:00:17.2: PME# supported from D0 D3hot D3cold
[    1.720655] pci 0000:00:17.3: [15ad:07a0] type 01 class 0x060400
[    1.721491] pci 0000:00:17.3: PME# supported from D0 D3hot D3cold
[    1.721914] pci 0000:00:17.4: [15ad:07a0] type 01 class 0x060400
[    1.722748] pci 0000:00:17.4: PME# supported from D0 D3hot D3cold
[    1.723180] pci 0000:00:17.5: [15ad:07a0] type 01 class 0x060400
[    1.724015] pci 0000:00:17.5: PME# supported from D0 D3hot D3cold
[    1.724430] pci 0000:00:17.6: [15ad:07a0] type 01 class 0x060400
[    1.725270] pci 0000:00:17.6: PME# supported from D0 D3hot D3cold
[    1.725707] pci 0000:00:17.7: [15ad:07a0] type 01 class 0x060400
[    1.726538] pci 0000:00:17.7: PME# supported from D0 D3hot D3cold
[    1.727117] pci 0000:00:18.0: [15ad:07a0] type 01 class 0x060400
[    1.727953] pci 0000:00:18.0: PME# supported from D0 D3hot D3cold
[    1.728368] pci 0000:00:18.1: [15ad:07a0] type 01 class 0x060400
[    1.729209] pci 0000:00:18.1: PME# supported from D0 D3hot D3cold
[    1.729651] pci 0000:00:18.2: [15ad:07a0] type 01 class 0x060400
[    1.730488] pci 0000:00:18.2: PME# supported from D0 D3hot D3cold
[    1.731030] pci 0000:00:18.3: [15ad:07a0] type 01 class 0x060400
[    1.731865] pci 0000:00:18.3: PME# supported from D0 D3hot D3cold
[    1.732371] pci 0000:00:18.4: [15ad:07a0] type 01 class 0x060400
[    1.733215] pci 0000:00:18.4: PME# supported from D0 D3hot D3cold
[    1.733639] pci 0000:00:18.5: [15ad:07a0] type 01 class 0x060400
[    1.734474] pci 0000:00:18.5: PME# supported from D0 D3hot D3cold
[    1.734914] pci 0000:00:18.6: [15ad:07a0] type 01 class 0x060400
[    1.735750] pci 0000:00:18.6: PME# supported from D0 D3hot D3cold
[    1.736182] pci 0000:00:18.7: [15ad:07a0] type 01 class 0x060400
[    1.737018] pci 0000:00:18.7: PME# supported from D0 D3hot D3cold
[    1.738596] pci_bus 0000:01: extended config space not accessible
[    1.742538] pci 0000:00:01.0: PCI bridge to [bus 01]
[    1.742736] pci_bus 0000:02: extended config space not accessible
[    1.742985] acpiphp: Slot [32] registered
[    1.743023] acpiphp: Slot [33] registered
[    1.743042] acpiphp: Slot [34] registered
[    1.743060] acpiphp: Slot [35] registered
[    1.743078] acpiphp: Slot [36] registered
[    1.743095] acpiphp: Slot [37] registered
[    1.743112] acpiphp: Slot [38] registered
[    1.743129] acpiphp: Slot [39] registered
[    1.743163] acpiphp: Slot [40] registered
[    1.743181] acpiphp: Slot [41] registered
[    1.743198] acpiphp: Slot [42] registered
[    1.743215] acpiphp: Slot [43] registered
[    1.743233] acpiphp: Slot [44] registered
[    1.743249] acpiphp: Slot [45] registered
[    1.743284] acpiphp: Slot [46] registered
[    1.743302] acpiphp: Slot [47] registered
[    1.743319] acpiphp: Slot [48] registered
[    1.743336] acpiphp: Slot [49] registered
[    1.743353] acpiphp: Slot [50] registered
[    1.743370] acpiphp: Slot [51] registered
[    1.743404] acpiphp: Slot [52] registered
[    1.743422] acpiphp: Slot [53] registered
[    1.743439] acpiphp: Slot [54] registered
[    1.743456] acpiphp: Slot [55] registered
[    1.743473] acpiphp: Slot [56] registered
[    1.743490] acpiphp: Slot [57] registered
[    1.743507] acpiphp: Slot [58] registered
[    1.743541] acpiphp: Slot [59] registered
[    1.743559] acpiphp: Slot [60] registered
[    1.743576] acpiphp: Slot [61] registered
[    1.743601] acpiphp: Slot [62] registered
[    1.743619] acpiphp: Slot [63] registered
[    1.743687] pci 0000:02:00.0: [15ad:0774] type 00 class 0x0c0300
[    1.746213] pci 0000:02:00.0: reg 0x20: [io  0x2080-0x209f]
[    1.747815] pci 0000:02:01.0: [8086:100f] type 00 class 0x020000
[    1.748642] pci 0000:02:01.0: reg 0x10: [mem 0xfd5c0000-0xfd5dffff 64bit]
[    1.749307] pci 0000:02:01.0: reg 0x18: [mem 0xfdff0000-0xfdffffff 64bit]
[    1.749920] pci 0000:02:01.0: reg 0x20: [io  0x2000-0x203f]
[    1.750821] pci 0000:02:01.0: reg 0x30: [mem 0x00000000-0x0000ffff pref]
[    1.751111] pci 0000:02:01.0: PME# supported from D0 D3hot D3cold
[    1.751891] pci 0000:02:02.0: [1274:1371] type 00 class 0x040100
[    1.752293] pci 0000:02:02.0: reg 0x10: [io  0x2040-0x207f]
[    1.755368] pci 0000:02:03.0: [15ad:0770] type 00 class 0x0c0320
[    1.755802] pci 0000:02:03.0: reg 0x10: [mem 0xfd5ef000-0xfd5effff]
[    1.759444] pci 0000:02:05.0: [15ad:07e0] type 00 class 0x010601
[    1.762533] pci 0000:02:05.0: reg 0x24: [mem 0xfd5ee000-0xfd5eefff]
[    1.762941] pci 0000:02:05.0: reg 0x30: [mem 0x00000000-0x0000ffff pref]
[    1.763319] pci 0000:02:05.0: PME# supported from D3hot
[    1.768089] pci 0000:00:11.0: PCI bridge to [bus 02] (subtractive decode)
[    1.768110] pci 0000:00:11.0:   bridge window [io  0x2000-0x3fff]
[    1.768129] pci 0000:00:11.0:   bridge window [mem 0xfd500000-0xfdffffff]
[    1.768165] pci 0000:00:11.0:   bridge window [mem 0xe7b00000-0xe7ffffff 64bit pref]
[    1.768167] pci 0000:00:11.0:   bridge window [io  0x0000-0x0cf7 window] (subtractive decode)
[    1.768168] pci 0000:00:11.0:   bridge window [io  0x0d00-0xfeff window] (subtractive decode)
[    1.768169] pci 0000:00:11.0:   bridge window [mem 0x000a0000-0x000bffff window] (subtractive decode)
[    1.768170] pci 0000:00:11.0:   bridge window [mem 0x000d0000-0x000dbfff window] (subtractive decode)
[    1.768170] pci 0000:00:11.0:   bridge window [mem 0xc0000000-0xfebfffff window] (subtractive decode)
[    1.768598] pci 0000:03:00.0: [15ad:0779] type 00 class 0x0c0330
[    1.769778] pci 0000:03:00.0: reg 0x10: [mem 0xfd4e0000-0xfd4fffff 64bit]
[    1.773059] pci 0000:03:00.0: PME# supported from D0 D3hot D3cold
[    1.773721] pci 0000:03:00.0: disabling ASPM on pre-1.1 PCIe device.  You can enable it with 'pcie_aspm=force'
[    1.778158] pci 0000:00:15.0: PCI bridge to [bus 03]
[    1.778198] pci 0000:00:15.0:   bridge window [mem 0xfd400000-0xfd4fffff]
[    1.782538] pci 0000:00:15.1: PCI bridge to [bus 04]
[    1.782549] pci 0000:00:15.1:   bridge window [io  0x7000-0x7fff]
[    1.782569] pci 0000:00:15.1:   bridge window [mem 0xfd000000-0xfd0fffff]
[    1.782605] pci 0000:00:15.1:   bridge window [mem 0xe7700000-0xe77fffff 64bit pref]
[    1.787460] pci 0000:00:15.2: PCI bridge to [bus 05]
[    1.787481] pci 0000:00:15.2:   bridge window [io  0xb000-0xbfff]
[    1.787500] pci 0000:00:15.2:   bridge window [mem 0xfcc00000-0xfccfffff]
[    1.787537] pci 0000:00:15.2:   bridge window [mem 0xe7300000-0xe73fffff 64bit pref]
[    1.791579] pci 0000:00:15.3: PCI bridge to [bus 06]
[    1.791618] pci 0000:00:15.3:   bridge window [mem 0xfc800000-0xfc8fffff]
[    1.791654] pci 0000:00:15.3:   bridge window [mem 0xe6f00000-0xe6ffffff 64bit pref]
[    1.795732] pci 0000:00:15.4: PCI bridge to [bus 07]
[    1.795770] pci 0000:00:15.4:   bridge window [mem 0xfc400000-0xfc4fffff]
[    1.795806] pci 0000:00:15.4:   bridge window [mem 0xe6b00000-0xe6bfffff 64bit pref]
[    1.799867] pci 0000:00:15.5: PCI bridge to [bus 08]
[    1.799905] pci 0000:00:15.5:   bridge window [mem 0xfc000000-0xfc0fffff]
[    1.799941] pci 0000:00:15.5:   bridge window [mem 0xe6700000-0xe67fffff 64bit pref]
[    1.804134] pci 0000:00:15.6: PCI bridge to [bus 09]
[    1.804171] pci 0000:00:15.6:   bridge window [mem 0xfbc00000-0xfbcfffff]
[    1.804208] pci 0000:00:15.6:   bridge window [mem 0xe6300000-0xe63fffff 64bit pref]
[    1.808261] pci 0000:00:15.7: PCI bridge to [bus 0a]
[    1.808299] pci 0000:00:15.7:   bridge window [mem 0xfb800000-0xfb8fffff]
[    1.808336] pci 0000:00:15.7:   bridge window [mem 0xe5f00000-0xe5ffffff 64bit pref]
[    1.813444] pci 0000:00:16.0: PCI bridge to [bus 0b]
[    1.813466] pci 0000:00:16.0:   bridge window [io  0x4000-0x4fff]
[    1.813485] pci 0000:00:16.0:   bridge window [mem 0xfd300000-0xfd3fffff]
[    1.813521] pci 0000:00:16.0:   bridge window [mem 0xe7a00000-0xe7afffff 64bit pref]
[    1.817787] pci 0000:00:16.1: PCI bridge to [bus 0c]
[    1.817808] pci 0000:00:16.1:   bridge window [io  0x8000-0x8fff]
[    1.817827] pci 0000:00:16.1:   bridge window [mem 0xfcf00000-0xfcffffff]
[    1.817863] pci 0000:00:16.1:   bridge window [mem 0xe7600000-0xe76fffff 64bit pref]
[    1.821916] pci 0000:00:16.2: PCI bridge to [bus 0d]
[    1.821936] pci 0000:00:16.2:   bridge window [io  0xc000-0xcfff]
[    1.821955] pci 0000:00:16.2:   bridge window [mem 0xfcb00000-0xfcbfffff]
[    1.821991] pci 0000:00:16.2:   bridge window [mem 0xe7200000-0xe72fffff 64bit pref]
[    1.826068] pci 0000:00:16.3: PCI bridge to [bus 0e]
[    1.826106] pci 0000:00:16.3:   bridge window [mem 0xfc700000-0xfc7fffff]
[    1.826143] pci 0000:00:16.3:   bridge window [mem 0xe6e00000-0xe6efffff 64bit pref]
[    1.830213] pci 0000:00:16.4: PCI bridge to [bus 0f]
[    1.830251] pci 0000:00:16.4:   bridge window [mem 0xfc300000-0xfc3fffff]
[    1.830287] pci 0000:00:16.4:   bridge window [mem 0xe6a00000-0xe6afffff 64bit pref]
[    1.834538] pci 0000:00:16.5: PCI bridge to [bus 10]
[    1.834569] pci 0000:00:16.5:   bridge window [mem 0xfbf00000-0xfbffffff]
[    1.834606] pci 0000:00:16.5:   bridge window [mem 0xe6600000-0xe66fffff 64bit pref]
[    1.839514] pci 0000:00:16.6: PCI bridge to [bus 11]
[    1.839554] pci 0000:00:16.6:   bridge window [mem 0xfbb00000-0xfbbfffff]
[    1.839590] pci 0000:00:16.6:   bridge window [mem 0xe6200000-0xe62fffff 64bit pref]
[    1.843691] pci 0000:00:16.7: PCI bridge to [bus 12]
[    1.843730] pci 0000:00:16.7:   bridge window [mem 0xfb700000-0xfb7fffff]
[    1.843767] pci 0000:00:16.7:   bridge window [mem 0xe5e00000-0xe5efffff 64bit pref]
[    1.847896] pci 0000:00:17.0: PCI bridge to [bus 13]
[    1.847916] pci 0000:00:17.0:   bridge window [io  0x5000-0x5fff]
[    1.847935] pci 0000:00:17.0:   bridge window [mem 0xfd200000-0xfd2fffff]
[    1.847972] pci 0000:00:17.0:   bridge window [mem 0xe7900000-0xe79fffff 64bit pref]
[    1.852037] pci 0000:00:17.1: PCI bridge to [bus 14]
[    1.852061] pci 0000:00:17.1:   bridge window [io  0x9000-0x9fff]
[    1.852080] pci 0000:00:17.1:   bridge window [mem 0xfce00000-0xfcefffff]
[    1.852117] pci 0000:00:17.1:   bridge window [mem 0xe7500000-0xe75fffff 64bit pref]
[    1.856199] pci 0000:00:17.2: PCI bridge to [bus 15]
[    1.856219] pci 0000:00:17.2:   bridge window [io  0xd000-0xdfff]
[    1.856238] pci 0000:00:17.2:   bridge window [mem 0xfca00000-0xfcafffff]
[    1.856274] pci 0000:00:17.2:   bridge window [mem 0xe7100000-0xe71fffff 64bit pref]
[    1.860348] pci 0000:00:17.3: PCI bridge to [bus 16]
[    1.860386] pci 0000:00:17.3:   bridge window [mem 0xfc600000-0xfc6fffff]
[    1.860422] pci 0000:00:17.3:   bridge window [mem 0xe6d00000-0xe6dfffff 64bit pref]
[    1.864493] pci 0000:00:17.4: PCI bridge to [bus 17]
[    1.864542] pci 0000:00:17.4:   bridge window [mem 0xfc200000-0xfc2fffff]
[    1.864579] pci 0000:00:17.4:   bridge window [mem 0xe6900000-0xe69fffff 64bit pref]
[    1.868657] pci 0000:00:17.5: PCI bridge to [bus 18]
[    1.868696] pci 0000:00:17.5:   bridge window [mem 0xfbe00000-0xfbefffff]
[    1.868732] pci 0000:00:17.5:   bridge window [mem 0xe6500000-0xe65fffff 64bit pref]
[    1.872945] pci 0000:00:17.6: PCI bridge to [bus 19]
[    1.872983] pci 0000:00:17.6:   bridge window [mem 0xfba00000-0xfbafffff]
[    1.873020] pci 0000:00:17.6:   bridge window [mem 0xe6100000-0xe61fffff 64bit pref]
[    1.877090] pci 0000:00:17.7: PCI bridge to [bus 1a]
[    1.877129] pci 0000:00:17.7:   bridge window [mem 0xfb600000-0xfb6fffff]
[    1.877165] pci 0000:00:17.7:   bridge window [mem 0xe5d00000-0xe5dfffff 64bit pref]
[    1.881255] pci 0000:00:18.0: PCI bridge to [bus 1b]
[    1.881276] pci 0000:00:18.0:   bridge window [io  0x6000-0x6fff]
[    1.881295] pci 0000:00:18.0:   bridge window [mem 0xfd100000-0xfd1fffff]
[    1.881331] pci 0000:00:18.0:   bridge window [mem 0xe7800000-0xe78fffff 64bit pref]
[    1.885383] pci 0000:00:18.1: PCI bridge to [bus 1c]
[    1.885403] pci 0000:00:18.1:   bridge window [io  0xa000-0xafff]
[    1.885422] pci 0000:00:18.1:   bridge window [mem 0xfcd00000-0xfcdfffff]
[    1.885458] pci 0000:00:18.1:   bridge window [mem 0xe7400000-0xe74fffff 64bit pref]
[    1.889547] pci 0000:00:18.2: PCI bridge to [bus 1d]
[    1.889568] pci 0000:00:18.2:   bridge window [io  0xe000-0xefff]
[    1.889587] pci 0000:00:18.2:   bridge window [mem 0xfc900000-0xfc9fffff]
[    1.889624] pci 0000:00:18.2:   bridge window [mem 0xe7000000-0xe70fffff 64bit pref]
[    1.893699] pci 0000:00:18.3: PCI bridge to [bus 1e]
[    1.893737] pci 0000:00:18.3:   bridge window [mem 0xfc500000-0xfc5fffff]
[    1.893773] pci 0000:00:18.3:   bridge window [mem 0xe6c00000-0xe6cfffff 64bit pref]
[    1.898538] pci 0000:00:18.4: PCI bridge to [bus 1f]
[    1.898566] pci 0000:00:18.4:   bridge window [mem 0xfc100000-0xfc1fffff]
[    1.898602] pci 0000:00:18.4:   bridge window [mem 0xe6800000-0xe68fffff 64bit pref]
[    1.902871] pci 0000:00:18.5: PCI bridge to [bus 20]
[    1.902910] pci 0000:00:18.5:   bridge window [mem 0xfbd00000-0xfbdfffff]
[    1.902945] pci 0000:00:18.5:   bridge window [mem 0xe6400000-0xe64fffff 64bit pref]
[    1.906973] pci 0000:00:18.6: PCI bridge to [bus 21]
[    1.907010] pci 0000:00:18.6:   bridge window [mem 0xfb900000-0xfb9fffff]
[    1.907046] pci 0000:00:18.6:   bridge window [mem 0xe6000000-0xe60fffff 64bit pref]
[    1.911048] pci 0000:00:18.7: PCI bridge to [bus 22]
[    1.911085] pci 0000:00:18.7:   bridge window [mem 0xfb500000-0xfb5fffff]
[    1.911120] pci 0000:00:18.7:   bridge window [mem 0xe5c00000-0xe5cfffff 64bit pref]
[    1.913436] ACPI: PCI: Interrupt link LNKA configured for IRQ 9
[    1.913516] ACPI: PCI: Interrupt link LNKB configured for IRQ 11
[    1.913625] ACPI: PCI: Interrupt link LNKC configured for IRQ 10
[    1.913702] ACPI: PCI: Interrupt link LNKD configured for IRQ 7
[    1.950965] iommu: Default domain type: Translated 
[    1.950965] SCSI subsystem initialized
[    1.951004] libata version 3.00 loaded.
[    1.951004] pci 0000:00:0f.0: vgaarb: setting as boot VGA device
[    1.951004] pci 0000:00:0f.0: vgaarb: VGA device added: decodes=io+mem,owns=io+mem,locks=none
[    1.951004] pci 0000:00:0f.0: vgaarb: bridge control possible
[    1.951004] vgaarb: loaded
[    1.951004] ACPI: bus type USB registered
[    1.951004] usbcore: registered new interface driver usbfs
[    1.951004] usbcore: registered new interface driver hub
[    1.951004] usbcore: registered new device driver usb
[    1.951004] pps_core: LinuxPPS API ver. 1 registered
[    1.951004] pps_core: Software ver. 5.3.6 - Copyright 2005-2007 Rodolfo Giometti <giometti@linux.it>
[    1.951004] PTP clock support registered
[    1.951004] EDAC MC: Ver: 3.0.0
[    1.954922] NetLabel: Initializing
[    1.954923] NetLabel:  domain hash size = 128
[    1.954924] NetLabel:  protocols = UNLABELED CIPSOv4 CALIPSO
[    1.954932] NetLabel:  unlabeled traffic allowed by default
[    1.954970] PCI: Using ACPI for IRQ routing
[    1.972381] PCI: pci_cache_line_size set to 64 bytes
[    1.973233] e820: reserve RAM buffer [mem 0x0009e800-0x0009ffff]
[    1.973235] e820: reserve RAM buffer [mem 0xbfed0000-0xbfffffff]
[    1.973250] hpet0: at MMIO 0xfed00000, IRQs 2, 8, 0, 0, 0, 0, 0, 0, 0, 0, 0, 0, 0, 0, 0, 0
[    1.973250] hpet0: 16 comparators, 64-bit 14.318180 MHz counter
[    1.976538] clocksource: Switched to clocksource tsc-early
[    2.025050] VFS: Disk quotas dquot_6.6.0
[    2.025099] VFS: Dquot-cache hash table entries: 512 (order 0, 4096 bytes)
[    2.025542] AppArmor: AppArmor Filesystem Enabled
[    2.025581] pnp: PnP ACPI init
[    2.025783] system 00:00: [io  0x1000-0x103f] has been reserved
[    2.025786] system 00:00: [io  0x1040-0x104f] has been reserved
[    2.025788] system 00:00: [io  0x0cf0-0x0cf1] has been reserved
[    2.025792] system 00:00: Plug and Play ACPI device, IDs PNP0c02 (active)
[    2.025835] pnp 00:01: Plug and Play ACPI device, IDs PNP0b00 (active)
[    2.025850] pnp 00:02: Plug and Play ACPI device, IDs PNP0303 (active)
[    2.025882] pnp 00:03: Plug and Play ACPI device, IDs VMW0003 PNP0f13 (active)
[    2.026087] system 00:04: [mem 0xfed00000-0xfed003ff] has been reserved
[    2.026092] system 00:04: Plug and Play ACPI device, IDs PNP0103 PNP0c01 (active)
[    2.027636] pnp 00:05: Plug and Play ACPI device, IDs PNP0501 (active)
[    2.028034] system 00:06: [io  0xfce0-0xfcff] has been reserved
[    2.028037] system 00:06: [mem 0xf0000000-0xf7ffffff] has been reserved
[    2.028039] system 00:06: [mem 0xfe800000-0xfe9fffff] has been reserved
[    2.028042] system 00:06: Plug and Play ACPI device, IDs PNP0c02 (active)
[    2.028211] system 00:07: [mem 0xfec10000-0xfec10fff] could not be reserved
[    2.028215] system 00:07: Plug and Play ACPI device, IDs PNP0c02 (active)
[    2.055974] pnp: PnP ACPI: found 8 devices
[    2.069043] clocksource: acpi_pm: mask: 0xffffff max_cycles: 0xffffff, max_idle_ns: 2085701024 ns
[    2.069105] NET: Registered protocol family 2
[    2.076663] IP idents hash table entries: 262144 (order: 9, 2097152 bytes, linear)
[    2.096284] tcp_listen_portaddr_hash hash table entries: 8192 (order: 5, 131072 bytes, linear)
[    2.100106] TCP established hash table entries: 131072 (order: 8, 1048576 bytes, linear)
[    2.103957] TCP bind hash table entries: 65536 (order: 8, 1048576 bytes, linear)
[    2.104005] TCP: Hash tables configured (established 131072 bind 65536)
[    2.107172] MPTCP token hash table entries: 16384 (order: 6, 393216 bytes, linear)
[    2.108225] UDP hash table entries: 8192 (order: 6, 262144 bytes, linear)
[    2.109104] UDP-Lite hash table entries: 8192 (order: 6, 262144 bytes, linear)
[    2.110085] NET: Registered protocol family 1
[    2.110088] NET: Registered protocol family 44
[    2.110103] pci 0000:00:15.0: bridge window [io  0x1000-0x0fff] to [bus 03] add_size 1000
[    2.110106] pci 0000:00:15.0: bridge window [mem 0x00100000-0x000fffff 64bit pref] to [bus 03] add_size 200000 add_align 100000
[    2.110108] pci 0000:00:15.3: bridge window [io  0x1000-0x0fff] to [bus 06] add_size 1000
[    2.110110] pci 0000:00:15.4: bridge window [io  0x1000-0x0fff] to [bus 07] add_size 1000
[    2.110110] pci 0000:00:15.5: bridge window [io  0x1000-0x0fff] to [bus 08] add_size 1000
[    2.110112] pci 0000:00:15.6: bridge window [io  0x1000-0x0fff] to [bus 09] add_size 1000
[    2.110113] pci 0000:00:15.7: bridge window [io  0x1000-0x0fff] to [bus 0a] add_size 1000
[    2.110114] pci 0000:00:16.3: bridge window [io  0x1000-0x0fff] to [bus 0e] add_size 1000
[    2.110115] pci 0000:00:16.4: bridge window [io  0x1000-0x0fff] to [bus 0f] add_size 1000
[    2.110116] pci 0000:00:16.5: bridge window [io  0x1000-0x0fff] to [bus 10] add_size 1000
[    2.110117] pci 0000:00:16.6: bridge window [io  0x1000-0x0fff] to [bus 11] add_size 1000
[    2.110118] pci 0000:00:16.7: bridge window [io  0x1000-0x0fff] to [bus 12] add_size 1000
[    2.110119] pci 0000:00:17.3: bridge window [io  0x1000-0x0fff] to [bus 16] add_size 1000
[    2.110120] pci 0000:00:17.4: bridge window [io  0x1000-0x0fff] to [bus 17] add_size 1000
[    2.110121] pci 0000:00:17.5: bridge window [io  0x1000-0x0fff] to [bus 18] add_size 1000
[    2.110122] pci 0000:00:17.6: bridge window [io  0x1000-0x0fff] to [bus 19] add_size 1000
[    2.110123] pci 0000:00:17.7: bridge window [io  0x1000-0x0fff] to [bus 1a] add_size 1000
[    2.110124] pci 0000:00:18.3: bridge window [io  0x1000-0x0fff] to [bus 1e] add_size 1000
[    2.110125] pci 0000:00:18.4: bridge window [io  0x1000-0x0fff] to [bus 1f] add_size 1000
[    2.110126] pci 0000:00:18.5: bridge window [io  0x1000-0x0fff] to [bus 20] add_size 1000
[    2.110127] pci 0000:00:18.6: bridge window [io  0x1000-0x0fff] to [bus 21] add_size 1000
[    2.110128] pci 0000:00:18.7: bridge window [io  0x1000-0x0fff] to [bus 22] add_size 1000
[    2.110141] pci 0000:00:15.0: BAR 15: assigned [mem 0xc0000000-0xc01fffff 64bit pref]
[    2.110142] pci 0000:00:0f.0: BAR 6: assigned [mem 0xc0200000-0xc0207fff pref]
[    2.110144] pci 0000:00:10.0: BAR 6: assigned [mem 0xc0208000-0xc020bfff pref]
[    2.110146] pci 0000:00:15.0: BAR 13: no space for [io  size 0x1000]
[    2.110147] pci 0000:00:15.0: BAR 13: failed to assign [io  size 0x1000]
[    2.110149] pci 0000:00:15.3: BAR 13: no space for [io  size 0x1000]
[    2.110149] pci 0000:00:15.3: BAR 13: failed to assign [io  size 0x1000]
[    2.110151] pci 0000:00:15.4: BAR 13: no space for [io  size 0x1000]
[    2.110151] pci 0000:00:15.4: BAR 13: failed to assign [io  size 0x1000]
[    2.110152] pci 0000:00:15.5: BAR 13: no space for [io  size 0x1000]
[    2.110153] pci 0000:00:15.5: BAR 13: failed to assign [io  size 0x1000]
[    2.110154] pci 0000:00:15.6: BAR 13: no space for [io  size 0x1000]
[    2.110155] pci 0000:00:15.6: BAR 13: failed to assign [io  size 0x1000]
[    2.110156] pci 0000:00:15.7: BAR 13: no space for [io  size 0x1000]
[    2.110157] pci 0000:00:15.7: BAR 13: failed to assign [io  size 0x1000]
[    2.110158] pci 0000:00:16.3: BAR 13: no space for [io  size 0x1000]
[    2.110158] pci 0000:00:16.3: BAR 13: failed to assign [io  size 0x1000]
[    2.110160] pci 0000:00:16.4: BAR 13: no space for [io  size 0x1000]
[    2.110160] pci 0000:00:16.4: BAR 13: failed to assign [io  size 0x1000]
[    2.110161] pci 0000:00:16.5: BAR 13: no space for [io  size 0x1000]
[    2.110162] pci 0000:00:16.5: BAR 13: failed to assign [io  size 0x1000]
[    2.110164] pci 0000:00:16.6: BAR 13: no space for [io  size 0x1000]
[    2.110165] pci 0000:00:16.6: BAR 13: failed to assign [io  size 0x1000]
[    2.110166] pci 0000:00:16.7: BAR 13: no space for [io  size 0x1000]
[    2.110166] pci 0000:00:16.7: BAR 13: failed to assign [io  size 0x1000]
[    2.110168] pci 0000:00:17.3: BAR 13: no space for [io  size 0x1000]
[    2.110168] pci 0000:00:17.3: BAR 13: failed to assign [io  size 0x1000]
[    2.110169] pci 0000:00:17.4: BAR 13: no space for [io  size 0x1000]
[    2.110170] pci 0000:00:17.4: BAR 13: failed to assign [io  size 0x1000]
[    2.110171] pci 0000:00:17.5: BAR 13: no space for [io  size 0x1000]
[    2.110172] pci 0000:00:17.5: BAR 13: failed to assign [io  size 0x1000]
[    2.110173] pci 0000:00:17.6: BAR 13: no space for [io  size 0x1000]
[    2.110174] pci 0000:00:17.6: BAR 13: failed to assign [io  size 0x1000]
[    2.110175] pci 0000:00:17.7: BAR 13: no space for [io  size 0x1000]
[    2.110176] pci 0000:00:17.7: BAR 13: failed to assign [io  size 0x1000]
[    2.110177] pci 0000:00:18.3: BAR 13: no space for [io  size 0x1000]
[    2.110177] pci 0000:00:18.3: BAR 13: failed to assign [io  size 0x1000]
[    2.110179] pci 0000:00:18.4: BAR 13: no space for [io  size 0x1000]
[    2.110179] pci 0000:00:18.4: BAR 13: failed to assign [io  size 0x1000]
[    2.110180] pci 0000:00:18.5: BAR 13: no space for [io  size 0x1000]
[    2.110181] pci 0000:00:18.5: BAR 13: failed to assign [io  size 0x1000]
[    2.110182] pci 0000:00:18.6: BAR 13: no space for [io  size 0x1000]
[    2.110183] pci 0000:00:18.6: BAR 13: failed to assign [io  size 0x1000]
[    2.110184] pci 0000:00:18.7: BAR 13: no space for [io  size 0x1000]
[    2.110185] pci 0000:00:18.7: BAR 13: failed to assign [io  size 0x1000]
[    2.110188] pci 0000:00:18.7: BAR 13: no space for [io  size 0x1000]
[    2.110189] pci 0000:00:18.7: BAR 13: failed to assign [io  size 0x1000]
[    2.110190] pci 0000:00:18.6: BAR 13: no space for [io  size 0x1000]
[    2.110191] pci 0000:00:18.6: BAR 13: failed to assign [io  size 0x1000]
[    2.110192] pci 0000:00:18.5: BAR 13: no space for [io  size 0x1000]
[    2.110192] pci 0000:00:18.5: BAR 13: failed to assign [io  size 0x1000]
[    2.110194] pci 0000:00:18.4: BAR 13: no space for [io  size 0x1000]
[    2.110194] pci 0000:00:18.4: BAR 13: failed to assign [io  size 0x1000]
[    2.110195] pci 0000:00:18.3: BAR 13: no space for [io  size 0x1000]
[    2.110196] pci 0000:00:18.3: BAR 13: failed to assign [io  size 0x1000]
[    2.110197] pci 0000:00:17.7: BAR 13: no space for [io  size 0x1000]
[    2.110198] pci 0000:00:17.7: BAR 13: failed to assign [io  size 0x1000]
[    2.110199] pci 0000:00:17.6: BAR 13: no space for [io  size 0x1000]
[    2.110200] pci 0000:00:17.6: BAR 13: failed to assign [io  size 0x1000]
[    2.110201] pci 0000:00:17.5: BAR 13: no space for [io  size 0x1000]
[    2.110202] pci 0000:00:17.5: BAR 13: failed to assign [io  size 0x1000]
[    2.110203] pci 0000:00:17.4: BAR 13: no space for [io  size 0x1000]
[    2.110203] pci 0000:00:17.4: BAR 13: failed to assign [io  size 0x1000]
[    2.110205] pci 0000:00:17.3: BAR 13: no space for [io  size 0x1000]
[    2.110205] pci 0000:00:17.3: BAR 13: failed to assign [io  size 0x1000]
[    2.110206] pci 0000:00:16.7: BAR 13: no space for [io  size 0x1000]
[    2.110207] pci 0000:00:16.7: BAR 13: failed to assign [io  size 0x1000]
[    2.110208] pci 0000:00:16.6: BAR 13: no space for [io  size 0x1000]
[    2.110209] pci 0000:00:16.6: BAR 13: failed to assign [io  size 0x1000]
[    2.110210] pci 0000:00:16.5: BAR 13: no space for [io  size 0x1000]
[    2.110211] pci 0000:00:16.5: BAR 13: failed to assign [io  size 0x1000]
[    2.110212] pci 0000:00:16.4: BAR 13: no space for [io  size 0x1000]
[    2.110213] pci 0000:00:16.4: BAR 13: failed to assign [io  size 0x1000]
[    2.110214] pci 0000:00:16.3: BAR 13: no space for [io  size 0x1000]
[    2.110214] pci 0000:00:16.3: BAR 13: failed to assign [io  size 0x1000]
[    2.110216] pci 0000:00:15.7: BAR 13: no space for [io  size 0x1000]
[    2.110216] pci 0000:00:15.7: BAR 13: failed to assign [io  size 0x1000]
[    2.110217] pci 0000:00:15.6: BAR 13: no space for [io  size 0x1000]
[    2.110218] pci 0000:00:15.6: BAR 13: failed to assign [io  size 0x1000]
[    2.110219] pci 0000:00:15.5: BAR 13: no space for [io  size 0x1000]
[    2.110220] pci 0000:00:15.5: BAR 13: failed to assign [io  size 0x1000]
[    2.110221] pci 0000:00:15.4: BAR 13: no space for [io  size 0x1000]
[    2.110222] pci 0000:00:15.4: BAR 13: failed to assign [io  size 0x1000]
[    2.110223] pci 0000:00:15.3: BAR 13: no space for [io  size 0x1000]
[    2.110224] pci 0000:00:15.3: BAR 13: failed to assign [io  size 0x1000]
[    2.110225] pci 0000:00:15.0: BAR 13: no space for [io  size 0x1000]
[    2.110225] pci 0000:00:15.0: BAR 13: failed to assign [io  size 0x1000]
[    2.110227] pci 0000:00:01.0: PCI bridge to [bus 01]
[    2.110345] pci 0000:02:01.0: BAR 6: assigned [mem 0xfd500000-0xfd50ffff pref]
[    2.110346] pci 0000:02:05.0: BAR 6: assigned [mem 0xfd510000-0xfd51ffff pref]
[    2.110348] pci 0000:00:11.0: PCI bridge to [bus 02]
[    2.110362] pci 0000:00:11.0:   bridge window [io  0x2000-0x3fff]
[    2.110397] pci 0000:00:11.0:   bridge window [mem 0xfd500000-0xfdffffff]
[    2.110416] pci 0000:00:11.0:   bridge window [mem 0xe7b00000-0xe7ffffff 64bit pref]
[    2.110452] pci 0000:00:15.0: PCI bridge to [bus 03]
[    2.110479] pci 0000:00:15.0:   bridge window [mem 0xfd400000-0xfd4fffff]
[    2.110498] pci 0000:00:15.0:   bridge window [mem 0xc0000000-0xc01fffff 64bit pref]
[    2.110572] pci 0000:00:15.1: PCI bridge to [bus 04]
[    2.110587] pci 0000:00:15.1:   bridge window [io  0x7000-0x7fff]
[    2.110615] pci 0000:00:15.1:   bridge window [mem 0xfd000000-0xfd0fffff]
[    2.110633] pci 0000:00:15.1:   bridge window [mem 0xe7700000-0xe77fffff 64bit pref]
[    2.110681] pci 0000:00:15.2: PCI bridge to [bus 05]
[    2.110704] pci 0000:00:15.2:   bridge window [io  0xb000-0xbfff]
[    2.110731] pci 0000:00:15.2:   bridge window [mem 0xfcc00000-0xfccfffff]
[    2.110750] pci 0000:00:15.2:   bridge window [mem 0xe7300000-0xe73fffff 64bit pref]
[    2.110796] pci 0000:00:15.3: PCI bridge to [bus 06]
[    2.110824] pci 0000:00:15.3:   bridge window [mem 0xfc800000-0xfc8fffff]
[    2.110842] pci 0000:00:15.3:   bridge window [mem 0xe6f00000-0xe6ffffff 64bit pref]
[    2.110887] pci 0000:00:15.4: PCI bridge to [bus 07]
[    2.110915] pci 0000:00:15.4:   bridge window [mem 0xfc400000-0xfc4fffff]
[    2.110933] pci 0000:00:15.4:   bridge window [mem 0xe6b00000-0xe6bfffff 64bit pref]
[    2.110978] pci 0000:00:15.5: PCI bridge to [bus 08]
[    2.111006] pci 0000:00:15.5:   bridge window [mem 0xfc000000-0xfc0fffff]
[    2.111025] pci 0000:00:15.5:   bridge window [mem 0xe6700000-0xe67fffff 64bit pref]
[    2.111070] pci 0000:00:15.6: PCI bridge to [bus 09]
[    2.111098] pci 0000:00:15.6:   bridge window [mem 0xfbc00000-0xfbcfffff]
[    2.111116] pci 0000:00:15.6:   bridge window [mem 0xe6300000-0xe63fffff 64bit pref]
[    2.111161] pci 0000:00:15.7: PCI bridge to [bus 0a]
[    2.111189] pci 0000:00:15.7:   bridge window [mem 0xfb800000-0xfb8fffff]
[    2.111207] pci 0000:00:15.7:   bridge window [mem 0xe5f00000-0xe5ffffff 64bit pref]
[    2.111252] pci 0000:00:16.0: PCI bridge to [bus 0b]
[    2.111263] pci 0000:00:16.0:   bridge window [io  0x4000-0x4fff]
[    2.111290] pci 0000:00:16.0:   bridge window [mem 0xfd300000-0xfd3fffff]
[    2.111309] pci 0000:00:16.0:   bridge window [mem 0xe7a00000-0xe7afffff 64bit pref]
[    2.111355] pci 0000:00:16.1: PCI bridge to [bus 0c]
[    2.111368] pci 0000:00:16.1:   bridge window [io  0x8000-0x8fff]
[    2.111395] pci 0000:00:16.1:   bridge window [mem 0xfcf00000-0xfcffffff]
[    2.111414] pci 0000:00:16.1:   bridge window [mem 0xe7600000-0xe76fffff 64bit pref]
[    2.111459] pci 0000:00:16.2: PCI bridge to [bus 0d]
[    2.111470] pci 0000:00:16.2:   bridge window [io  0xc000-0xcfff]
[    2.111497] pci 0000:00:16.2:   bridge window [mem 0xfcb00000-0xfcbfffff]
[    2.111515] pci 0000:00:16.2:   bridge window [mem 0xe7200000-0xe72fffff 64bit pref]
[    2.111569] pci 0000:00:16.3: PCI bridge to [bus 0e]
[    2.111597] pci 0000:00:16.3:   bridge window [mem 0xfc700000-0xfc7fffff]
[    2.111616] pci 0000:00:16.3:   bridge window [mem 0xe6e00000-0xe6efffff 64bit pref]
[    2.111661] pci 0000:00:16.4: PCI bridge to [bus 0f]
[    2.111689] pci 0000:00:16.4:   bridge window [mem 0xfc300000-0xfc3fffff]
[    2.111707] pci 0000:00:16.4:   bridge window [mem 0xe6a00000-0xe6afffff 64bit pref]
[    2.111752] pci 0000:00:16.5: PCI bridge to [bus 10]
[    2.111780] pci 0000:00:16.5:   bridge window [mem 0xfbf00000-0xfbffffff]
[    2.111798] pci 0000:00:16.5:   bridge window [mem 0xe6600000-0xe66fffff 64bit pref]
[    2.111843] pci 0000:00:16.6: PCI bridge to [bus 11]
[    2.111871] pci 0000:00:16.6:   bridge window [mem 0xfbb00000-0xfbbfffff]
[    2.111889] pci 0000:00:16.6:   bridge window [mem 0xe6200000-0xe62fffff 64bit pref]
[    2.111934] pci 0000:00:16.7: PCI bridge to [bus 12]
[    2.111962] pci 0000:00:16.7:   bridge window [mem 0xfb700000-0xfb7fffff]
[    2.111980] pci 0000:00:16.7:   bridge window [mem 0xe5e00000-0xe5efffff 64bit pref]
[    2.112025] pci 0000:00:17.0: PCI bridge to [bus 13]
[    2.112036] pci 0000:00:17.0:   bridge window [io  0x5000-0x5fff]
[    2.112064] pci 0000:00:17.0:   bridge window [mem 0xfd200000-0xfd2fffff]
[    2.112082] pci 0000:00:17.0:   bridge window [mem 0xe7900000-0xe79fffff 64bit pref]
[    2.112127] pci 0000:00:17.1: PCI bridge to [bus 14]
[    2.112138] pci 0000:00:17.1:   bridge window [io  0x9000-0x9fff]
[    2.112165] pci 0000:00:17.1:   bridge window [mem 0xfce00000-0xfcefffff]
[    2.112183] pci 0000:00:17.1:   bridge window [mem 0xe7500000-0xe75fffff 64bit pref]
[    2.112228] pci 0000:00:17.2: PCI bridge to [bus 15]
[    2.112239] pci 0000:00:17.2:   bridge window [io  0xd000-0xdfff]
[    2.112266] pci 0000:00:17.2:   bridge window [mem 0xfca00000-0xfcafffff]
[    2.112284] pci 0000:00:17.2:   bridge window [mem 0xe7100000-0xe71fffff 64bit pref]
[    2.112329] pci 0000:00:17.3: PCI bridge to [bus 16]
[    2.112357] pci 0000:00:17.3:   bridge window [mem 0xfc600000-0xfc6fffff]
[    2.112375] pci 0000:00:17.3:   bridge window [mem 0xe6d00000-0xe6dfffff 64bit pref]
[    2.112420] pci 0000:00:17.4: PCI bridge to [bus 17]
[    2.112448] pci 0000:00:17.4:   bridge window [mem 0xfc200000-0xfc2fffff]
[    2.112467] pci 0000:00:17.4:   bridge window [mem 0xe6900000-0xe69fffff 64bit pref]
[    2.112511] pci 0000:00:17.5: PCI bridge to [bus 18]
[    2.112541] pci 0000:00:17.5:   bridge window [mem 0xfbe00000-0xfbefffff]
[    2.112559] pci 0000:00:17.5:   bridge window [mem 0xe6500000-0xe65fffff 64bit pref]
[    2.112604] pci 0000:00:17.6: PCI bridge to [bus 19]
[    2.112632] pci 0000:00:17.6:   bridge window [mem 0xfba00000-0xfbafffff]
[    2.112650] pci 0000:00:17.6:   bridge window [mem 0xe6100000-0xe61fffff 64bit pref]
[    2.112695] pci 0000:00:17.7: PCI bridge to [bus 1a]
[    2.112723] pci 0000:00:17.7:   bridge window [mem 0xfb600000-0xfb6fffff]
[    2.112742] pci 0000:00:17.7:   bridge window [mem 0xe5d00000-0xe5dfffff 64bit pref]
[    2.112786] pci 0000:00:18.0: PCI bridge to [bus 1b]
[    2.112797] pci 0000:00:18.0:   bridge window [io  0x6000-0x6fff]
[    2.112825] pci 0000:00:18.0:   bridge window [mem 0xfd100000-0xfd1fffff]
[    2.112843] pci 0000:00:18.0:   bridge window [mem 0xe7800000-0xe78fffff 64bit pref]
[    2.112888] pci 0000:00:18.1: PCI bridge to [bus 1c]
[    2.112899] pci 0000:00:18.1:   bridge window [io  0xa000-0xafff]
[    2.112926] pci 0000:00:18.1:   bridge window [mem 0xfcd00000-0xfcdfffff]
[    2.112944] pci 0000:00:18.1:   bridge window [mem 0xe7400000-0xe74fffff 64bit pref]
[    2.112989] pci 0000:00:18.2: PCI bridge to [bus 1d]
[    2.113000] pci 0000:00:18.2:   bridge window [io  0xe000-0xefff]
[    2.113027] pci 0000:00:18.2:   bridge window [mem 0xfc900000-0xfc9fffff]
[    2.113045] pci 0000:00:18.2:   bridge window [mem 0xe7000000-0xe70fffff 64bit pref]
[    2.113090] pci 0000:00:18.3: PCI bridge to [bus 1e]
[    2.113118] pci 0000:00:18.3:   bridge window [mem 0xfc500000-0xfc5fffff]
[    2.113137] pci 0000:00:18.3:   bridge window [mem 0xe6c00000-0xe6cfffff 64bit pref]
[    2.113181] pci 0000:00:18.4: PCI bridge to [bus 1f]
[    2.113209] pci 0000:00:18.4:   bridge window [mem 0xfc100000-0xfc1fffff]
[    2.113228] pci 0000:00:18.4:   bridge window [mem 0xe6800000-0xe68fffff 64bit pref]
[    2.113272] pci 0000:00:18.5: PCI bridge to [bus 20]
[    2.113300] pci 0000:00:18.5:   bridge window [mem 0xfbd00000-0xfbdfffff]
[    2.113318] pci 0000:00:18.5:   bridge window [mem 0xe6400000-0xe64fffff 64bit pref]
[    2.113364] pci 0000:00:18.6: PCI bridge to [bus 21]
[    2.113391] pci 0000:00:18.6:   bridge window [mem 0xfb900000-0xfb9fffff]
[    2.113410] pci 0000:00:18.6:   bridge window [mem 0xe6000000-0xe60fffff 64bit pref]
[    2.113455] pci 0000:00:18.7: PCI bridge to [bus 22]
[    2.113483] pci 0000:00:18.7:   bridge window [mem 0xfb500000-0xfb5fffff]
[    2.113501] pci 0000:00:18.7:   bridge window [mem 0xe5c00000-0xe5cfffff 64bit pref]
[    2.113555] pci_bus 0000:00: resource 4 [io  0x0000-0x0cf7 window]
[    2.113557] pci_bus 0000:00: resource 5 [io  0x0d00-0xfeff window]
[    2.113557] pci_bus 0000:00: resource 6 [mem 0x000a0000-0x000bffff window]
[    2.113558] pci_bus 0000:00: resource 7 [mem 0x000d0000-0x000dbfff window]
[    2.113559] pci_bus 0000:00: resource 8 [mem 0xc0000000-0xfebfffff window]
[    2.113560] pci_bus 0000:02: resource 0 [io  0x2000-0x3fff]
[    2.113561] pci_bus 0000:02: resource 1 [mem 0xfd500000-0xfdffffff]
[    2.113562] pci_bus 0000:02: resource 2 [mem 0xe7b00000-0xe7ffffff 64bit pref]
[    2.113562] pci_bus 0000:02: resource 4 [io  0x0000-0x0cf7 window]
[    2.113563] pci_bus 0000:02: resource 5 [io  0x0d00-0xfeff window]
[    2.113564] pci_bus 0000:02: resource 6 [mem 0x000a0000-0x000bffff window]
[    2.113564] pci_bus 0000:02: resource 7 [mem 0x000d0000-0x000dbfff window]
[    2.113565] pci_bus 0000:02: resource 8 [mem 0xc0000000-0xfebfffff window]
[    2.113566] pci_bus 0000:03: resource 1 [mem 0xfd400000-0xfd4fffff]
[    2.113567] pci_bus 0000:03: resource 2 [mem 0xc0000000-0xc01fffff 64bit pref]
[    2.113568] pci_bus 0000:04: resource 0 [io  0x7000-0x7fff]
[    2.113568] pci_bus 0000:04: resource 1 [mem 0xfd000000-0xfd0fffff]
[    2.113569] pci_bus 0000:04: resource 2 [mem 0xe7700000-0xe77fffff 64bit pref]
[    2.113570] pci_bus 0000:05: resource 0 [io  0xb000-0xbfff]
[    2.113571] pci_bus 0000:05: resource 1 [mem 0xfcc00000-0xfccfffff]
[    2.113571] pci_bus 0000:05: resource 2 [mem 0xe7300000-0xe73fffff 64bit pref]
[    2.113572] pci_bus 0000:06: resource 1 [mem 0xfc800000-0xfc8fffff]
[    2.113573] pci_bus 0000:06: resource 2 [mem 0xe6f00000-0xe6ffffff 64bit pref]
[    2.113574] pci_bus 0000:07: resource 1 [mem 0xfc400000-0xfc4fffff]
[    2.113575] pci_bus 0000:07: resource 2 [mem 0xe6b00000-0xe6bfffff 64bit pref]
[    2.113575] pci_bus 0000:08: resource 1 [mem 0xfc000000-0xfc0fffff]
[    2.113576] pci_bus 0000:08: resource 2 [mem 0xe6700000-0xe67fffff 64bit pref]
[    2.113577] pci_bus 0000:09: resource 1 [mem 0xfbc00000-0xfbcfffff]
[    2.113578] pci_bus 0000:09: resource 2 [mem 0xe6300000-0xe63fffff 64bit pref]
[    2.113579] pci_bus 0000:0a: resource 1 [mem 0xfb800000-0xfb8fffff]
[    2.113579] pci_bus 0000:0a: resource 2 [mem 0xe5f00000-0xe5ffffff 64bit pref]
[    2.113580] pci_bus 0000:0b: resource 0 [io  0x4000-0x4fff]
[    2.113581] pci_bus 0000:0b: resource 1 [mem 0xfd300000-0xfd3fffff]
[    2.113582] pci_bus 0000:0b: resource 2 [mem 0xe7a00000-0xe7afffff 64bit pref]
[    2.113582] pci_bus 0000:0c: resource 0 [io  0x8000-0x8fff]
[    2.113583] pci_bus 0000:0c: resource 1 [mem 0xfcf00000-0xfcffffff]
[    2.113584] pci_bus 0000:0c: resource 2 [mem 0xe7600000-0xe76fffff 64bit pref]
[    2.113585] pci_bus 0000:0d: resource 0 [io  0xc000-0xcfff]
[    2.113586] pci_bus 0000:0d: resource 1 [mem 0xfcb00000-0xfcbfffff]
[    2.113586] pci_bus 0000:0d: resource 2 [mem 0xe7200000-0xe72fffff 64bit pref]
[    2.113587] pci_bus 0000:0e: resource 1 [mem 0xfc700000-0xfc7fffff]
[    2.113588] pci_bus 0000:0e: resource 2 [mem 0xe6e00000-0xe6efffff 64bit pref]
[    2.113589] pci_bus 0000:0f: resource 1 [mem 0xfc300000-0xfc3fffff]
[    2.113589] pci_bus 0000:0f: resource 2 [mem 0xe6a00000-0xe6afffff 64bit pref]
[    2.113590] pci_bus 0000:10: resource 1 [mem 0xfbf00000-0xfbffffff]
[    2.113591] pci_bus 0000:10: resource 2 [mem 0xe6600000-0xe66fffff 64bit pref]
[    2.113592] pci_bus 0000:11: resource 1 [mem 0xfbb00000-0xfbbfffff]
[    2.113592] pci_bus 0000:11: resource 2 [mem 0xe6200000-0xe62fffff 64bit pref]
[    2.113593] pci_bus 0000:12: resource 1 [mem 0xfb700000-0xfb7fffff]
[    2.113594] pci_bus 0000:12: resource 2 [mem 0xe5e00000-0xe5efffff 64bit pref]
[    2.113595] pci_bus 0000:13: resource 0 [io  0x5000-0x5fff]
[    2.113595] pci_bus 0000:13: resource 1 [mem 0xfd200000-0xfd2fffff]
[    2.113596] pci_bus 0000:13: resource 2 [mem 0xe7900000-0xe79fffff 64bit pref]
[    2.113597] pci_bus 0000:14: resource 0 [io  0x9000-0x9fff]
[    2.113598] pci_bus 0000:14: resource 1 [mem 0xfce00000-0xfcefffff]
[    2.113598] pci_bus 0000:14: resource 2 [mem 0xe7500000-0xe75fffff 64bit pref]
[    2.113599] pci_bus 0000:15: resource 0 [io  0xd000-0xdfff]
[    2.113600] pci_bus 0000:15: resource 1 [mem 0xfca00000-0xfcafffff]
[    2.113600] pci_bus 0000:15: resource 2 [mem 0xe7100000-0xe71fffff 64bit pref]
[    2.113601] pci_bus 0000:16: resource 1 [mem 0xfc600000-0xfc6fffff]
[    2.113602] pci_bus 0000:16: resource 2 [mem 0xe6d00000-0xe6dfffff 64bit pref]
[    2.113603] pci_bus 0000:17: resource 1 [mem 0xfc200000-0xfc2fffff]
[    2.113603] pci_bus 0000:17: resource 2 [mem 0xe6900000-0xe69fffff 64bit pref]
[    2.113604] pci_bus 0000:18: resource 1 [mem 0xfbe00000-0xfbefffff]
[    2.113605] pci_bus 0000:18: resource 2 [mem 0xe6500000-0xe65fffff 64bit pref]
[    2.113606] pci_bus 0000:19: resource 1 [mem 0xfba00000-0xfbafffff]
[    2.113607] pci_bus 0000:19: resource 2 [mem 0xe6100000-0xe61fffff 64bit pref]
[    2.113607] pci_bus 0000:1a: resource 1 [mem 0xfb600000-0xfb6fffff]
[    2.113608] pci_bus 0000:1a: resource 2 [mem 0xe5d00000-0xe5dfffff 64bit pref]
[    2.113609] pci_bus 0000:1b: resource 0 [io  0x6000-0x6fff]
[    2.113610] pci_bus 0000:1b: resource 1 [mem 0xfd100000-0xfd1fffff]
[    2.113610] pci_bus 0000:1b: resource 2 [mem 0xe7800000-0xe78fffff 64bit pref]
[    2.113611] pci_bus 0000:1c: resource 0 [io  0xa000-0xafff]
[    2.113612] pci_bus 0000:1c: resource 1 [mem 0xfcd00000-0xfcdfffff]
[    2.113612] pci_bus 0000:1c: resource 2 [mem 0xe7400000-0xe74fffff 64bit pref]
[    2.113613] pci_bus 0000:1d: resource 0 [io  0xe000-0xefff]
[    2.113614] pci_bus 0000:1d: resource 1 [mem 0xfc900000-0xfc9fffff]
[    2.113615] pci_bus 0000:1d: resource 2 [mem 0xe7000000-0xe70fffff 64bit pref]
[    2.113615] pci_bus 0000:1e: resource 1 [mem 0xfc500000-0xfc5fffff]
[    2.113616] pci_bus 0000:1e: resource 2 [mem 0xe6c00000-0xe6cfffff 64bit pref]
[    2.113617] pci_bus 0000:1f: resource 1 [mem 0xfc100000-0xfc1fffff]
[    2.113618] pci_bus 0000:1f: resource 2 [mem 0xe6800000-0xe68fffff 64bit pref]
[    2.113618] pci_bus 0000:20: resource 1 [mem 0xfbd00000-0xfbdfffff]
[    2.113619] pci_bus 0000:20: resource 2 [mem 0xe6400000-0xe64fffff 64bit pref]
[    2.113620] pci_bus 0000:21: resource 1 [mem 0xfb900000-0xfb9fffff]
[    2.113621] pci_bus 0000:21: resource 2 [mem 0xe6000000-0xe60fffff 64bit pref]
[    2.113622] pci_bus 0000:22: resource 1 [mem 0xfb500000-0xfb5fffff]
[    2.113622] pci_bus 0000:22: resource 2 [mem 0xe5c00000-0xe5cfffff 64bit pref]
[    2.113792] pci 0000:00:00.0: Limiting direct PCI/PCI transfers
[    2.113898] pci 0000:00:0f.0: Video device with shadowed ROM at [mem 0x000c0000-0x000dffff]
[    2.115074] pci 0000:02:01.0: CLS mismatch (32 != 64), using 64 bytes
[    2.116396] PCI-DMA: Using software bounce buffering for IO (SWIOTLB)
[    2.116398] software IO TLB: mapped [mem 0x00000000bbed0000-0x00000000bfed0000] (64MB)
[    2.116424] clocksource: tsc: mask: 0xffffffffffffffff max_cycles: 0x1fd3b81b95f, max_idle_ns: 440795257325 ns
[    2.116578] clocksource: Switched to clocksource tsc
[    2.116922] Trying to unpack rootfs image as initramfs...
[    2.120462] Initialise system trusted keyrings
[    2.120508] Key type blacklist registered
[    2.120849] workingset: timestamp_bits=36 max_order=22 bucket_order=0
[    2.124159] zbud: loaded
[    2.125112] squashfs: version 4.0 (2009/01/31) Phillip Lougher
[    2.126364] fuse: init (API version 7.34)
[    2.129357] integrity: Platform Keyring initialized
[    2.136045] Key type asymmetric registered
[    2.136047] Asymmetric key parser 'x509' registered
[    2.136056] Block layer SCSI generic (bsg) driver version 0.4 loaded (major 243)
[    2.136430] io scheduler mq-deadline registered
[    2.139340] pcieport 0000:00:15.0: PME: Signaling with IRQ 25
[    2.139419] pcieport 0000:00:15.0: pciehp: Slot #160 AttnBtn+ PwrCtrl+ MRL- AttnInd- PwrInd- HotPlug+ Surprise- Interlock- NoCompl+ IbPresDis- LLActRep+
[    2.140661] pcieport 0000:00:15.1: PME: Signaling with IRQ 26
[    2.140740] pcieport 0000:00:15.1: pciehp: Slot #161 AttnBtn+ PwrCtrl+ MRL- AttnInd- PwrInd- HotPlug+ Surprise- Interlock- NoCompl+ IbPresDis- LLActRep+
[    2.141975] pcieport 0000:00:15.2: PME: Signaling with IRQ 27
[    2.142053] pcieport 0000:00:15.2: pciehp: Slot #162 AttnBtn+ PwrCtrl+ MRL- AttnInd- PwrInd- HotPlug+ Surprise- Interlock- NoCompl+ IbPresDis- LLActRep+
[    2.143254] pcieport 0000:00:15.3: PME: Signaling with IRQ 28
[    2.143375] pcieport 0000:00:15.3: pciehp: Slot #163 AttnBtn+ PwrCtrl+ MRL- AttnInd- PwrInd- HotPlug+ Surprise- Interlock- NoCompl+ IbPresDis- LLActRep+
[    2.144649] pcieport 0000:00:15.4: PME: Signaling with IRQ 29
[    2.144933] pcieport 0000:00:15.4: pciehp: Slot #164 AttnBtn+ PwrCtrl+ MRL- AttnInd- PwrInd- HotPlug+ Surprise- Interlock- NoCompl+ IbPresDis- LLActRep+
[    2.146141] pcieport 0000:00:15.5: PME: Signaling with IRQ 30
[    2.146221] pcieport 0000:00:15.5: pciehp: Slot #165 AttnBtn+ PwrCtrl+ MRL- AttnInd- PwrInd- HotPlug+ Surprise- Interlock- NoCompl+ IbPresDis- LLActRep+
[    2.147341] pcieport 0000:00:15.6: PME: Signaling with IRQ 31
[    2.147605] pcieport 0000:00:15.6: pciehp: Slot #166 AttnBtn+ PwrCtrl+ MRL- AttnInd- PwrInd- HotPlug+ Surprise- Interlock- NoCompl+ IbPresDis- LLActRep+
[    2.148938] pcieport 0000:00:15.7: PME: Signaling with IRQ 32
[    2.149016] pcieport 0000:00:15.7: pciehp: Slot #167 AttnBtn+ PwrCtrl+ MRL- AttnInd- PwrInd- HotPlug+ Surprise- Interlock- NoCompl+ IbPresDis- LLActRep+
[    2.150570] pcieport 0000:00:16.0: PME: Signaling with IRQ 33
[    2.150649] pcieport 0000:00:16.0: pciehp: Slot #192 AttnBtn+ PwrCtrl+ MRL- AttnInd- PwrInd- HotPlug+ Surprise- Interlock- NoCompl+ IbPresDis- LLActRep+
[    2.151885] pcieport 0000:00:16.1: PME: Signaling with IRQ 34
[    2.151988] pcieport 0000:00:16.1: pciehp: Slot #193 AttnBtn+ PwrCtrl+ MRL- AttnInd- PwrInd- HotPlug+ Surprise- Interlock- NoCompl+ IbPresDis- LLActRep+
[    2.153146] pcieport 0000:00:16.2: PME: Signaling with IRQ 35
[    2.153270] pcieport 0000:00:16.2: pciehp: Slot #194 AttnBtn+ PwrCtrl+ MRL- AttnInd- PwrInd- HotPlug+ Surprise- Interlock- NoCompl+ IbPresDis- LLActRep+
[    2.154464] pcieport 0000:00:16.3: PME: Signaling with IRQ 36
[    2.154557] pcieport 0000:00:16.3: pciehp: Slot #195 AttnBtn+ PwrCtrl+ MRL- AttnInd- PwrInd- HotPlug+ Surprise- Interlock- NoCompl+ IbPresDis- LLActRep+
[    2.155910] pcieport 0000:00:16.4: PME: Signaling with IRQ 37
[    2.155991] pcieport 0000:00:16.4: pciehp: Slot #196 AttnBtn+ PwrCtrl+ MRL- AttnInd- PwrInd- HotPlug+ Surprise- Interlock- NoCompl+ IbPresDis- LLActRep+
[    2.157109] pcieport 0000:00:16.5: PME: Signaling with IRQ 38
[    2.157186] pcieport 0000:00:16.5: pciehp: Slot #197 AttnBtn+ PwrCtrl+ MRL- AttnInd- PwrInd- HotPlug+ Surprise- Interlock- NoCompl+ IbPresDis- LLActRep+
[    2.158406] pcieport 0000:00:16.6: PME: Signaling with IRQ 39
[    2.158511] pcieport 0000:00:16.6: pciehp: Slot #198 AttnBtn+ PwrCtrl+ MRL- AttnInd- PwrInd- HotPlug+ Surprise- Interlock- NoCompl+ IbPresDis- LLActRep+
[    2.159818] pcieport 0000:00:16.7: PME: Signaling with IRQ 40
[    2.159925] pcieport 0000:00:16.7: pciehp: Slot #199 AttnBtn+ PwrCtrl+ MRL- AttnInd- PwrInd- HotPlug+ Surprise- Interlock- NoCompl+ IbPresDis- LLActRep+
[    2.161246] pcieport 0000:00:17.0: PME: Signaling with IRQ 41
[    2.161327] pcieport 0000:00:17.0: pciehp: Slot #224 AttnBtn+ PwrCtrl+ MRL- AttnInd- PwrInd- HotPlug+ Surprise- Interlock- NoCompl+ IbPresDis- LLActRep+
[    2.162635] pcieport 0000:00:17.1: PME: Signaling with IRQ 42
[    2.162713] pcieport 0000:00:17.1: pciehp: Slot #225 AttnBtn+ PwrCtrl+ MRL- AttnInd- PwrInd- HotPlug+ Surprise- Interlock- NoCompl+ IbPresDis- LLActRep+
[    2.163912] pcieport 0000:00:17.2: PME: Signaling with IRQ 43
[    2.163991] pcieport 0000:00:17.2: pciehp: Slot #226 AttnBtn+ PwrCtrl+ MRL- AttnInd- PwrInd- HotPlug+ Surprise- Interlock- NoCompl+ IbPresDis- LLActRep+
[    2.165186] pcieport 0000:00:17.3: PME: Signaling with IRQ 44
[    2.165284] pcieport 0000:00:17.3: pciehp: Slot #227 AttnBtn+ PwrCtrl+ MRL- AttnInd- PwrInd- HotPlug+ Surprise- Interlock- NoCompl+ IbPresDis- LLActRep+
[    2.166601] pcieport 0000:00:17.4: PME: Signaling with IRQ 45
[    2.166895] pcieport 0000:00:17.4: pciehp: Slot #228 AttnBtn+ PwrCtrl+ MRL- AttnInd- PwrInd- HotPlug+ Surprise- Interlock- NoCompl+ IbPresDis- LLActRep+
[    2.168154] pcieport 0000:00:17.5: PME: Signaling with IRQ 46
[    2.168233] pcieport 0000:00:17.5: pciehp: Slot #229 AttnBtn+ PwrCtrl+ MRL- AttnInd- PwrInd- HotPlug+ Surprise- Interlock- NoCompl+ IbPresDis- LLActRep+
[    2.169528] pcieport 0000:00:17.6: PME: Signaling with IRQ 47
[    2.169609] pcieport 0000:00:17.6: pciehp: Slot #230 AttnBtn+ PwrCtrl+ MRL- AttnInd- PwrInd- HotPlug+ Surprise- Interlock- NoCompl+ IbPresDis- LLActRep+
[    2.170984] pcieport 0000:00:17.7: PME: Signaling with IRQ 48
[    2.171062] pcieport 0000:00:17.7: pciehp: Slot #231 AttnBtn+ PwrCtrl+ MRL- AttnInd- PwrInd- HotPlug+ Surprise- Interlock- NoCompl+ IbPresDis- LLActRep+
[    2.172370] pcieport 0000:00:18.0: PME: Signaling with IRQ 49
[    2.172566] pcieport 0000:00:18.0: pciehp: Slot #256 AttnBtn+ PwrCtrl+ MRL- AttnInd- PwrInd- HotPlug+ Surprise- Interlock- NoCompl+ IbPresDis- LLActRep+
[    2.174476] pcieport 0000:00:18.1: PME: Signaling with IRQ 50
[    2.174589] pcieport 0000:00:18.1: pciehp: Slot #257 AttnBtn+ PwrCtrl+ MRL- AttnInd- PwrInd- HotPlug+ Surprise- Interlock- NoCompl+ IbPresDis- LLActRep+
[    2.175745] pcieport 0000:00:18.2: PME: Signaling with IRQ 51
[    2.175846] pcieport 0000:00:18.2: pciehp: Slot #258 AttnBtn+ PwrCtrl+ MRL- AttnInd- PwrInd- HotPlug+ Surprise- Interlock- NoCompl+ IbPresDis- LLActRep+
[    2.176982] pcieport 0000:00:18.3: PME: Signaling with IRQ 52
